Script started on Fri 01 May 2015 12:30:37 PM PDT
~
imend009@hammer $ ls
lstat: No such file or directory

~
imend009@hammer $ ./bin/ls
[0m[34mDesktop[0m [34mcs100[0m [34mDownloads[0m [34mucr-cs100[0m calcgrade.sh[0m LICENSE[0m hw1.cpp[0m Makefile[0m README.md[0m [34msrc[0m hbhairy-utils.tar.xz[0m [34mtests[0m [32makonadiconsole.desktop[0m [34mbin[0m [34mrshell[0m [34mVirtualBox VMs[0m [0m
~
imend009@hammer $ #I did not implement the label -R, so I will be testing the -a and -l labels and its combinations
~
imend009@hammer $ ^?[K./bin/ls -a
[0m[47m[34m.[0m [47m[34m..[0m [47m.bash_logout[0m [47m.bashrc[0m [47m.profile[0m [47m[34m.nx[0m [47m[34m.kde[0m [47m[34m.qt[0m [47m[34m.mcop[0m [47m.Xauthority[0m [47m.bash_history[0m [34mDesktop[0m [47m.ICEauthority[0m [47m.DCOPserver_well.cs.ucr.edu_NODISPLAY[0m [47m[34m.thumbnails[0m [34mcs100[0m [47m[34m.local[0m [47m[34m.redhat[0m [47m[34m.gconf[0m [47m[34m.gconfd[0m [47m[34m.gnome2[0m [47m[34m.gnome2_private[0m [47m[34m.mozilla[0m [47m[34m.cache[0m [34mDownloads[0m [34mucr-cs100[0m [47m.viminfo[0m [47m[34m.adobe[0m [47m[34m.config[0m [47m[34m.macromedia[0m [47m[34m.ssh[0m [47m[34m.git[0m [47m[34m.emacs.d[0m [47m.gitconfig[0m [47m[34m.pki[0m calcgrade.sh[0m [47m.vimrc[0m [47m[34m.gnupg[0m LICENSE[0m [47m[34m.gitlearn[0m hw1.cpp[0m Makefile[0m README.md[0m [34msrc[0m hbhairy-utils.tar.xz[0m [34mtests[0m [32makonadiconsole.desktop[0m [34mbin[0m [34mrshell[0m [34mVirtualBox VMs[0m [0m
~
imend009@hammer $ ./bin/ls -l
[0mtotal 192
[0mdrwx------	    3	41425	  950	      4096	     1429003804	[34mDesktop[0m
[0mdrwx------	    7	41425	  950	      4096	     1429280514	[34mcs100[0m
[0mdrwx------	    3	41425	  950	      4096	     1430475362	[34mDownloads[0m
[0mdrwx------	   10	41425	  950	      4096	     1430342463	[34mucr-cs100[0m
[0m-rw-------	    1	41425	  950	      3054	     1429255118	calcgrade.sh[0m
[0m-rw-------	    1	41425	  950	      1483	     1430503459	LICENSE[0m
[0m-rw-------	    1	41425	  950	      4796	     1430450321	hw1.cpp[0m
[0m-rw-------	    1	41425	  950	       231	     1430503499	Makefile[0m
[0m-rw-------	    1	41425	  950	      4257	     1430503459	README.md[0m
[0mdrwx------	    2	41425	  950	      4096	     1430503459	[34msrc[0m
[0m-rw-------	    1	41425	  950	     26729	     1429736911	hbhairy-utils.tar.xz[0m
[0mdrwx------	    2	41425	  950	      4096	     1430503459	[34mtests[0m
[0m-rwx------	    1	41425	  950	      3602	     1430503499	[32makonadiconsole.desktop[0m
[0mdrwx------	    2	41425	  950	      4096	     1430503499	[34mbin[0m
[0mdrwx------	    6	41425	  950	      4096	     1430508276	[34mrshell[0m
[0mdrwx------	    2	41425	  950	      4096	     1430503499	[34mVirtualBox VMs[0m
[0m
~
imend009@hammer $ ./bin/ls -a-l
[0mtotal 848
[0mdrwx------	   33	41425	  950	      4096	     1430507919	[47m[34m.[0m
[0mdrwx--x--x	 1263	    0	    0	    200704	     1430508037	[47m[34m..[0m
[0m-rw-------	    1	41425	  950	        24	     1221868101	[47m.bash_logout[0m
[0m-rw-------	    1	41425	  950	      1270	     1221868082	[47m.bashrc[0m
[0m-rw-------	    1	41425	  950	       965	     1221868145	[47m.profile[0m
[0mdrwx------	   28	41425	  950	      4096	     1430475407	[47m[34m.nx[0m
[0mdrwxr-xr-x	    4	41425	  950	      4096	     1416904893	[47m[34m.kde[0m
[0mdrwxr-xr-x	    2	41425	  950	      4096	     1430475227	[47m[34m.qt[0m
[0mdrwxr-xr-x	    3	41425	  950	      4096	     1416904895	[47m[34m.mcop[0m
[0m-rw-------	    1	41425	  950	      1150	     1430475223	[47m.Xauthority[0m
[0m-rw-------	    1	41425	  950	      2193	     1430507393	[47m.bash_history[0m
[0mdrwx------	    3	41425	  950	      4096	     1429003804	[34mDesktop[0m
[0m-rw-------	    1	41425	  950	       623	     1430475408	[47m.ICEauthority[0m
[0m-rw-------	    1	41425	  950	        62	     1416904187	[47m.DCOPserver_well.cs.ucr.edu_NODISPLAY[0m
[0mdrwx------	    3	41425	  950	      4096	     1417053872	[47m[34m.thumbnails[0m
[0mdrwx------	    7	41425	  950	      4096	     1429280514	[34mcs100[0m
[0mdrwx------	    3	41425	  950	      4096	     1416904894	[47m[34m.local[0m
[0mdrwxr-xr-x	    3	41425	  950	      4096	     1416904895	[47m[34m.redhat[0m
[0mdrwx------	    2	41425	  950	      4096	     1430475287	[47m[34m.gconf[0m
[0mdrwx------	    2	41425	  950	      4096	     1430475407	[47m[34m.gconfd[0m
[0mdrwx------	    3	41425	  950	      4096	     1416904960	[47m[34m.gnome2[0m
[0mdrwx------	    2	41425	  950	      4096	     1416904960	[47m[34m.gnome2_private[0m
[0mdrwx------	    4	41425	  950	      4096	     1416904961	[47m[34m.mozilla[0m
[0mdrwx------	    3	41425	  950	      4096	     1416904960	[47m[34m.cache[0m
[0mdrwx------	    3	41425	  950	      4096	     1430475362	[34mDownloads[0m
[0mdrwx------	   10	41425	  950	      4096	     1430342463	[34mucr-cs100[0m
[0m-rw-------	    1	41425	  950	      7466	     1430507895	[47m.viminfo[0m
[0mdrwx------	    3	41425	  950	      4096	     1417055559	[47m[34m.adobe[0m
[0mdrwx------	    3	41425	  950	      4096	     1417062493	[47m[34m.config[0m
[0mdrwx------	    3	41425	  950	      4096	     1417167608	[47m[34m.macromedia[0m
[0mdrwx------	    2	41425	  950	      4096	     1429251538	[47m[34m.ssh[0m
[0mdrwx------	    7	41425	  950	      4096	     1429264975	[47m[34m.git[0m
[0mdrwxr-xr-x	    3	41425	  950	      4096	     1428469249	[47m[34m.emacs.d[0m
[0m-rw-------	    1	41425	  950	        87	     1428531329	[47m.gitconfig[0m
[0mdrwx------	    3	41425	  950	      4096	     1428531391	[47m[34m.pki[0m
[0m-rw-------	    1	41425	  950	      3054	     1429255118	calcgrade.sh[0m
[0m-rw-------	    1	41425	  950	      2245	     1428619197	[47m.vimrc[0m
[0mdrwx------	    2	41425	  950	      4096	     1430340981	[47m[34m.gnupg[0m
[0m-rw-------	    1	41425	  950	      1483	     1430503459	LICENSE[0m
[0mdrwx------	    3	41425	  950	      4096	     1429255154	[47m[34m.gitlearn[0m
[0m-rw-------	    1	41425	  950	      4796	     1430450321	hw1.cpp[0m
[0m-rw-------	    1	41425	  950	       231	     1430503499	Makefile[0m
[0m-rw-------	    1	41425	  950	      4257	     1430503459	README.md[0m
[0mdrwx------	    2	41425	  950	      4096	     1430503459	[34msrc[0m
[0m-rw-------	    1	41425	  950	     26729	     1429736911	hbhairy-utils.tar.xz[0m
[0mdrwx------	    2	41425	  950	      4096	     1430503459	[34mtests[0m
[0m-rwx------	    1	41425	  950	      3602	     1430503499	[32makonadiconsole.desktop[0m
[0mdrwx------	    2	41425	  950	      4096	     1430503499	[34mbin[0m
[0mdrwx------	    6	41425	  950	      4096	     1430508276	[34mrshell[0m
[0mdrwx------	    2	41425	  950	      4096	     1430503499	[34mVirtualBox VMs[0m
[0m
~
imend009@hammer $ ./bin/ls -al
[0mtotal 848
[0mdrwx------	   33	41425	  950	      4096	     1430507919	[47m[34m.[0m
[0mdrwx--x--x	 1263	    0	    0	    200704	     1430508037	[47m[34m..[0m
[0m-rw-------	    1	41425	  950	        24	     1221868101	[47m.bash_logout[0m
[0m-rw-------	    1	41425	  950	      1270	     1221868082	[47m.bashrc[0m
[0m-rw-------	    1	41425	  950	       965	     1221868145	[47m.profile[0m
[0mdrwx------	   28	41425	  950	      4096	     1430475407	[47m[34m.nx[0m
[0mdrwxr-xr-x	    4	41425	  950	      4096	     1416904893	[47m[34m.kde[0m
[0mdrwxr-xr-x	    2	41425	  950	      4096	     1430475227	[47m[34m.qt[0m
[0mdrwxr-xr-x	    3	41425	  950	      4096	     1416904895	[47m[34m.mcop[0m
[0m-rw-------	    1	41425	  950	      1150	     1430475223	[47m.Xauthority[0m
[0m-rw-------	    1	41425	  950	      2193	     1430507393	[47m.bash_history[0m
[0mdrwx------	    3	41425	  950	      4096	     1429003804	[34mDesktop[0m
[0m-rw-------	    1	41425	  950	       623	     1430475408	[47m.ICEauthority[0m
[0m-rw-------	    1	41425	  950	        62	     1416904187	[47m.DCOPserver_well.cs.ucr.edu_NODISPLAY[0m
[0mdrwx------	    3	41425	  950	      4096	     1417053872	[47m[34m.thumbnails[0m
[0mdrwx------	    7	41425	  950	      4096	     1429280514	[34mcs100[0m
[0mdrwx------	    3	41425	  950	      4096	     1416904894	[47m[34m.local[0m
[0mdrwxr-xr-x	    3	41425	  950	      4096	     1416904895	[47m[34m.redhat[0m
[0mdrwx------	    2	41425	  950	      4096	     1430475287	[47m[34m.gconf[0m
[0mdrwx------	    2	41425	  950	      4096	     1430475407	[47m[34m.gconfd[0m
[0mdrwx------	    3	41425	  950	      4096	     1416904960	[47m[34m.gnome2[0m
[0mdrwx------	    2	41425	  950	      4096	     1416904960	[47m[34m.gnome2_private[0m
[0mdrwx------	    4	41425	  950	      4096	     1416904961	[47m[34m.mozilla[0m
[0mdrwx------	    3	41425	  950	      4096	     1416904960	[47m[34m.cache[0m
[0mdrwx------	    3	41425	  950	      4096	     1430475362	[34mDownloads[0m
[0mdrwx------	   10	41425	  950	      4096	     1430342463	[34mucr-cs100[0m
[0m-rw-------	    1	41425	  950	      7466	     1430507895	[47m.viminfo[0m
[0mdrwx------	    3	41425	  950	      4096	     1417055559	[47m[34m.adobe[0m
[0mdrwx------	    3	41425	  950	      4096	     1417062493	[47m[34m.config[0m
[0mdrwx------	    3	41425	  950	      4096	     1417167608	[47m[34m.macromedia[0m
[0mdrwx------	    2	41425	  950	      4096	     1429251538	[47m[34m.ssh[0m
[0mdrwx------	    7	41425	  950	      4096	     1429264975	[47m[34m.git[0m
[0mdrwxr-xr-x	    3	41425	  950	      4096	     1428469249	[47m[34m.emacs.d[0m
[0m-rw-------	    1	41425	  950	        87	     1428531329	[47m.gitconfig[0m
[0mdrwx------	    3	41425	  950	      4096	     1428531391	[47m[34m.pki[0m
[0m-rw-------	    1	41425	  950	      3054	     1429255118	calcgrade.sh[0m
[0m-rw-------	    1	41425	  950	      2245	     1428619197	[47m.vimrc[0m
[0mdrwx------	    2	41425	  950	      4096	     1430340981	[47m[34m.gnupg[0m
[0m-rw-------	    1	41425	  950	      1483	     1430503459	LICENSE[0m
[0mdrwx------	    3	41425	  950	      4096	     1429255154	[47m[34m.gitlearn[0m
[0m-rw-------	    1	41425	  950	      4796	     1430450321	hw1.cpp[0m
[0m-rw-------	    1	41425	  950	       231	     1430503499	Makefile[0m
[0m-rw-------	    1	41425	  950	      4257	     1430503459	README.md[0m
[0mdrwx------	    2	41425	  950	      4096	     1430503459	[34msrc[0m
[0m-rw-------	    1	41425	  950	     26729	     1429736911	hbhairy-utils.tar.xz[0m
[0mdrwx------	    2	41425	  950	      4096	     1430503459	[34mtests[0m
[0m-rwx------	    1	41425	  950	      3602	     1430503499	[32makonadiconsole.desktop[0m
[0mdrwx------	    2	41425	  950	      4096	     1430503499	[34mbin[0m
[0mdrwx------	    6	41425	  950	      4096	     1430508276	[34mrshell[0m
[0mdrwx------	    2	41425	  950	      4096	     1430503499	[34mVirtualBox VMs[0m
[0m
~
imend009@hammer $ ./bin/ls -la
[0mtotal 848
[0mdrwx------	   33	41425	  950	      4096	     1430507919	[47m[34m.[0m
[0mdrwx--x--x	 1263	    0	    0	    200704	     1430508037	[47m[34m..[0m
[0m-rw-------	    1	41425	  950	        24	     1221868101	[47m.bash_logout[0m
[0m-rw-------	    1	41425	  950	      1270	     1221868082	[47m.bashrc[0m
[0m-rw-------	    1	41425	  950	       965	     1221868145	[47m.profile[0m
[0mdrwx------	   28	41425	  950	      4096	     1430475407	[47m[34m.nx[0m
[0mdrwxr-xr-x	    4	41425	  950	      4096	     1416904893	[47m[34m.kde[0m
[0mdrwxr-xr-x	    2	41425	  950	      4096	     1430475227	[47m[34m.qt[0m
[0mdrwxr-xr-x	    3	41425	  950	      4096	     1416904895	[47m[34m.mcop[0m
[0m-rw-------	    1	41425	  950	      1150	     1430475223	[47m.Xauthority[0m
[0m-rw-------	    1	41425	  950	      2193	     1430507393	[47m.bash_history[0m
[0mdrwx------	    3	41425	  950	      4096	     1429003804	[34mDesktop[0m
[0m-rw-------	    1	41425	  950	       623	     1430475408	[47m.ICEauthority[0m
[0m-rw-------	    1	41425	  950	        62	     1416904187	[47m.DCOPserver_well.cs.ucr.edu_NODISPLAY[0m
[0mdrwx------	    3	41425	  950	      4096	     1417053872	[47m[34m.thumbnails[0m
[0mdrwx------	    7	41425	  950	      4096	     1429280514	[34mcs100[0m
[0mdrwx------	    3	41425	  950	      4096	     1416904894	[47m[34m.local[0m
[0mdrwxr-xr-x	    3	41425	  950	      4096	     1416904895	[47m[34m.redhat[0m
[0mdrwx------	    2	41425	  950	      4096	     1430475287	[47m[34m.gconf[0m
[0mdrwx------	    2	41425	  950	      4096	     1430475407	[47m[34m.gconfd[0m
[0mdrwx------	    3	41425	  950	      4096	     1416904960	[47m[34m.gnome2[0m
[0mdrwx------	    2	41425	  950	      4096	     1416904960	[47m[34m.gnome2_private[0m
[0mdrwx------	    4	41425	  950	      4096	     1416904961	[47m[34m.mozilla[0m
[0mdrwx------	    3	41425	  950	      4096	     1416904960	[47m[34m.cache[0m
[0mdrwx------	    3	41425	  950	      4096	     1430475362	[34mDownloads[0m
[0mdrwx------	   10	41425	  950	      4096	     1430342463	[34mucr-cs100[0m
[0m-rw-------	    1	41425	  950	      7466	     1430507895	[47m.viminfo[0m
[0mdrwx------	    3	41425	  950	      4096	     1417055559	[47m[34m.adobe[0m
[0mdrwx------	    3	41425	  950	      4096	     1417062493	[47m[34m.config[0m
[0mdrwx------	    3	41425	  950	      4096	     1417167608	[47m[34m.macromedia[0m
[0mdrwx------	    2	41425	  950	      4096	     1429251538	[47m[34m.ssh[0m
[0mdrwx------	    7	41425	  950	      4096	     1429264975	[47m[34m.git[0m
[0mdrwxr-xr-x	    3	41425	  950	      4096	     1428469249	[47m[34m.emacs.d[0m
[0m-rw-------	    1	41425	  950	        87	     1428531329	[47m.gitconfig[0m
[0mdrwx------	    3	41425	  950	      4096	     1428531391	[47m[34m.pki[0m
[0m-rw-------	    1	41425	  950	      3054	     1429255118	calcgrade.sh[0m
[0m-rw-------	    1	41425	  950	      2245	     1428619197	[47m.vimrc[0m
[0mdrwx------	    2	41425	  950	      4096	     1430340981	[47m[34m.gnupg[0m
[0m-rw-------	    1	41425	  950	      1483	     1430503459	LICENSE[0m
[0mdrwx------	    3	41425	  950	      4096	     1429255154	[47m[34m.gitlearn[0m
[0m-rw-------	    1	41425	  950	      4796	     1430450321	hw1.cpp[0m
[0m-rw-------	    1	41425	  950	       231	     1430503499	Makefile[0m
[0m-rw-------	    1	41425	  950	      4257	     1430503459	README.md[0m
[0mdrwx------	    2	41425	  950	      4096	     1430503459	[34msrc[0m
[0m-rw-------	    1	41425	  950	     26729	     1429736911	hbhairy-utils.tar.xz[0m
[0mdrwx------	    2	41425	  950	      4096	     1430503459	[34mtests[0m
[0m-rwx------	    1	41425	  950	      3602	     1430503499	[32makonadiconsole.desktop[0m
[0mdrwx------	    2	41425	  950	      4096	     1430503499	[34mbin[0m
[0mdrwx------	    6	41425	  950	      4096	     1430508276	[34mrshell[0m
[0mdrwx------	    2	41425	  950	      4096	     1430503499	[34mVirtualBox VMs[0m
[0m
~
imend009@hammer $ #testing for 1 folder
~
imend009@hammer $ ./bin/ls -a Downloads
[0mDownloads:
[0m[34m.[0m [34m..[0m assn6.asm[0m assn2.asm[0m fernando(1)[0m assn2.asm~[0m assn2(1).asm[0m ls.cpp[0m [32mls[0m [34mrshell[0m [0m
~
imend009@hammer $ ./bin/ls -l Downloads
[0mDownloads:
[0mtotal 200
[0m-rw-r--r--	    1	41425	  950	     40323	     1418192562	assn6.asm[0m
[0m-rw-r--r--	    1	41425	  950	      1813	     1428471921	assn2.asm[0m
[0m-rw-r--r--	    1	41425	  950	       813	     1428393317	fernando(1)[0m
[0m-rw-r--r--	    1	41425	  950	      1813	     1428471860	assn2.asm~[0m
[0m-rw-r--r--	    1	41425	  950	      1813	     1428473006	assn2(1).asm[0m
[0m-rw-r--r--	    1	41425	  950	      7325	     1430475283	ls.cpp[0m
[0m-rwx------	    1	41425	  950	     31949	     1430475325	[32mls[0m
[0mdrwx------	    6	41425	  950	      4096	     1430475362	[34mrshell[0m
[0m
~
imend009@hammer $ ./bin/ls -a-l Downloads
[0mDownloads:
[0mtotal 216
[0mdrwx------	    3	41425	  950	      4096	     1430475362	[34m.[0m
[0mdrwx------	   33	41425	  950	      4096	     1430507919	[34m..[0m
[0m-rw-r--r--	    1	41425	  950	     40323	     1418192562	assn6.asm[0m
[0m-rw-r--r--	    1	41425	  950	      1813	     1428471921	assn2.asm[0m
[0m-rw-r--r--	    1	41425	  950	       813	     1428393317	fernando(1)[0m
[0m-rw-r--r--	    1	41425	  950	      1813	     1428471860	assn2.asm~[0m
[0m-rw-r--r--	    1	41425	  950	      1813	     1428473006	assn2(1).asm[0m
[0m-rw-r--r--	    1	41425	  950	      7325	     1430475283	ls.cpp[0m
[0m-rwx------	    1	41425	  950	     31949	     1430475325	[32mls[0m
[0mdrwx------	    6	41425	  950	      4096	     1430475362	[34mrshell[0m
[0m
~
imend009@hammer $ ./bin/ls -al Downloads
[0mDownloads:
[0mtotal 216
[0mdrwx------	    3	41425	  950	      4096	     1430475362	[34m.[0m
[0mdrwx------	   33	41425	  950	      4096	     1430507919	[34m..[0m
[0m-rw-r--r--	    1	41425	  950	     40323	     1418192562	assn6.asm[0m
[0m-rw-r--r--	    1	41425	  950	      1813	     1428471921	assn2.asm[0m
[0m-rw-r--r--	    1	41425	  950	       813	     1428393317	fernando(1)[0m
[0m-rw-r--r--	    1	41425	  950	      1813	     1428471860	assn2.asm~[0m
[0m-rw-r--r--	    1	41425	  950	      1813	     1428473006	assn2(1).asm[0m
[0m-rw-r--r--	    1	41425	  950	      7325	     1430475283	ls.cpp[0m
[0m-rwx------	    1	41425	  950	     31949	     1430475325	[32mls[0m
[0mdrwx------	    6	41425	  950	      4096	     1430475362	[34mrshell[0m
[0m
~
imend009@hammer $ ./bin/ls -la Downloads
[0mDownloads:
[0mtotal 216
[0mdrwx------	    3	41425	  950	      4096	     1430475362	[34m.[0m
[0mdrwx------	   33	41425	  950	      4096	     1430507919	[34m..[0m
[0m-rw-r--r--	    1	41425	  950	     40323	     1418192562	assn6.asm[0m
[0m-rw-r--r--	    1	41425	  950	      1813	     1428471921	assn2.asm[0m
[0m-rw-r--r--	    1	41425	  950	       813	     1428393317	fernando(1)[0m
[0m-rw-r--r--	    1	41425	  950	      1813	     1428471860	assn2.asm~[0m
[0m-rw-r--r--	    1	41425	  950	      1813	     1428473006	assn2(1).asm[0m
[0m-rw-r--r--	    1	41425	  950	      7325	     1430475283	ls.cpp[0m
[0m-rwx------	    1	41425	  950	     31949	     1430475325	[32mls[0m
[0mdrwx------	    6	41425	  950	      4096	     1430475362	[34mrshell[0m
[0m
~
imend009@hammer $ #testing for 2 folders 
~
imend009@hammer $ ./bin/ls -a Downloads src
[0mDownloads:
[0m[34m.[0m [34m..[0m assn6.asm[0m assn2.asm[0m fernando(1)[0m assn2.asm~[0m assn2(1).asm[0m ls.cpp[0m [32mls[0m [34mrshell[0m [0m
[0msrc:
[0m[34m.[0m [34m..[0m hw0.cpp[0m cp.cpp[0m Timer.h[0m ls.cpp[0m [0m
~
imend009@hammer $ ./bin/ls -l Downloads src
[0mDownloads:
[0mtotal 200
[0m-rw-r--r--	    1	41425	  950	     40323	     1418192562	assn6.asm[0m
[0m-rw-r--r--	    1	41425	  950	      1813	     1428471921	assn2.asm[0m
[0m-rw-r--r--	    1	41425	  950	       813	     1428393317	fernando(1)[0m
[0m-rw-r--r--	    1	41425	  950	      1813	     1428471860	assn2.asm~[0m
[0m-rw-r--r--	    1	41425	  950	      1813	     1428473006	assn2(1).asm[0m
[0m-rw-r--r--	    1	41425	  950	      7325	     1430475283	ls.cpp[0m
[0m-rwx------	    1	41425	  950	     31949	     1430475325	[32mls[0m
[0mdrwx------	    6	41425	  950	      4096	     1430475362	[34mrshell[0m
[0m
[0msrc:
[0mtotal 56
[0m-rw-------	    1	41425	  950	      5028	     1430503459	hw0.cpp[0m
[0m-rw-------	    1	41425	  950	      7335	     1430503459	cp.cpp[0m
[0m-rw-------	    1	41425	  950	      2698	     1430503459	Timer.h[0m
[0m-rw-------	    1	41425	  950	      7335	     1430503499	ls.cpp[0m
[0m
~
imend009@hammer $ ./bin/ls -a-l Downloads src
[0mDownloads:
[0mtotal 216
[0mdrwx------	    3	41425	  950	      4096	     1430475362	[34m.[0m
[0mdrwx------	   33	41425	  950	      4096	     1430507919	[34m..[0m
[0m-rw-r--r--	    1	41425	  950	     40323	     1418192562	assn6.asm[0m
[0m-rw-r--r--	    1	41425	  950	      1813	     1428471921	assn2.asm[0m
[0m-rw-r--r--	    1	41425	  950	       813	     1428393317	fernando(1)[0m
[0m-rw-r--r--	    1	41425	  950	      1813	     1428471860	assn2.asm~[0m
[0m-rw-r--r--	    1	41425	  950	      1813	     1428473006	assn2(1).asm[0m
[0m-rw-r--r--	    1	41425	  950	      7325	     1430475283	ls.cpp[0m
[0m-rwx------	    1	41425	  950	     31949	     1430475325	[32mls[0m
[0mdrwx------	    6	41425	  950	      4096	     1430475362	[34mrshell[0m
[0m
[0msrc:
[0mtotal 72
[0mdrwx------	    2	41425	  950	      4096	     1430503459	[34m.[0m
[0mdrwx------	   33	41425	  950	      4096	     1430507919	[34m..[0m
[0m-rw-------	    1	41425	  950	      5028	     1430503459	hw0.cpp[0m
[0m-rw-------	    1	41425	  950	      7335	     1430503459	cp.cpp[0m
[0m-rw-------	    1	41425	  950	      2698	     1430503459	Timer.h[0m
[0m-rw-------	    1	41425	  950	      7335	     1430503499	ls.cpp[0m
[0m
~
imend009@hammer $ ./bin/ls -al Downloads src
[0mDownloads:
[0mtotal 216
[0mdrwx------	    3	41425	  950	      4096	     1430475362	[34m.[0m
[0mdrwx------	   33	41425	  950	      4096	     1430507919	[34m..[0m
[0m-rw-r--r--	    1	41425	  950	     40323	     1418192562	assn6.asm[0m
[0m-rw-r--r--	    1	41425	  950	      1813	     1428471921	assn2.asm[0m
[0m-rw-r--r--	    1	41425	  950	       813	     1428393317	fernando(1)[0m
[0m-rw-r--r--	    1	41425	  950	      1813	     1428471860	assn2.asm~[0m
[0m-rw-r--r--	    1	41425	  950	      1813	     1428473006	assn2(1).asm[0m
[0m-rw-r--r--	    1	41425	  950	      7325	     1430475283	ls.cpp[0m
[0m-rwx------	    1	41425	  950	     31949	     1430475325	[32mls[0m
[0mdrwx------	    6	41425	  950	      4096	     1430475362	[34mrshell[0m
[0m
[0msrc:
[0mtotal 72
[0mdrwx------	    2	41425	  950	      4096	     1430503459	[34m.[0m
[0mdrwx------	   33	41425	  950	      4096	     1430507919	[34m..[0m
[0m-rw-------	    1	41425	  950	      5028	     1430503459	hw0.cpp[0m
[0m-rw-------	    1	41425	  950	      7335	     1430503459	cp.cpp[0m
[0m-rw-------	    1	41425	  950	      2698	     1430503459	Timer.h[0m
[0m-rw-------	    1	41425	  950	      7335	     1430503499	ls.cpp[0m
[0m
~
imend009@hammer $ ./bin/ls -la Downloads src
[0mDownloads:
[0mtotal 216
[0mdrwx------	    3	41425	  950	      4096	     1430475362	[34m.[0m
[0mdrwx------	   33	41425	  950	      4096	     1430507919	[34m..[0m
[0m-rw-r--r--	    1	41425	  950	     40323	     1418192562	assn6.asm[0m
[0m-rw-r--r--	    1	41425	  950	      1813	     1428471921	assn2.asm[0m
[0m-rw-r--r--	    1	41425	  950	       813	     1428393317	fernando(1)[0m
[0m-rw-r--r--	    1	41425	  950	      1813	     1428471860	assn2.asm~[0m
[0m-rw-r--r--	    1	41425	  950	      1813	     1428473006	assn2(1).asm[0m
[0m-rw-r--r--	    1	41425	  950	      7325	     1430475283	ls.cpp[0m
[0m-rwx------	    1	41425	  950	     31949	     1430475325	[32mls[0m
[0mdrwx------	    6	41425	  950	      4096	     1430475362	[34mrshell[0m
[0m
[0msrc:
[0mtotal 72
[0mdrwx------	    2	41425	  950	      4096	     1430503459	[34m.[0m
[0mdrwx------	   33	41425	  950	      4096	     1430507919	[34m..[0m
[0m-rw-------	    1	41425	  950	      5028	     1430503459	hw0.cpp[0m
[0m-rw-------	    1	41425	  950	      7335	     1430503459	cp.cpp[0m
[0m-rw-------	    1	41425	  950	      2698	     1430503459	Timer.h[0m
[0m-rw-------	    1	41425	  950	      7335	     1430503499	ls.cpp[0m
[0m
~
imend009@hammer $ #testing for 3 folders 
~
imend009@hammer $ ./bin/ls -a Downloads src bin
[0mDownloads:
[0m[34m.[0m [34m..[0m assn6.asm[0m assn2.asm[0m fernando(1)[0m assn2.asm~[0m assn2(1).asm[0m ls.cpp[0m [32mls[0m [34mrshell[0m [0m
[0msrc:
[0m[34m.[0m [34m..[0m hw0.cpp[0m cp.cpp[0m Timer.h[0m ls.cpp[0m [0m
[0mbin:
[0m[34m.[0m [34m..[0m [32mls[0m [0m
~
imend009@hammer $ ./bin/ls -l Downloads src bin
[0mDownloads:
[0mtotal 200
[0m-rw-r--r--	    1	41425	  950	     40323	     1418192562	assn6.asm[0m
[0m-rw-r--r--	    1	41425	  950	      1813	     1428471921	assn2.asm[0m
[0m-rw-r--r--	    1	41425	  950	       813	     1428393317	fernando(1)[0m
[0m-rw-r--r--	    1	41425	  950	      1813	     1428471860	assn2.asm~[0m
[0m-rw-r--r--	    1	41425	  950	      1813	     1428473006	assn2(1).asm[0m
[0m-rw-r--r--	    1	41425	  950	      7325	     1430475283	ls.cpp[0m
[0m-rwx------	    1	41425	  950	     31949	     1430475325	[32mls[0m
[0mdrwx------	    6	41425	  950	      4096	     1430475362	[34mrshell[0m
[0m
[0msrc:
[0mtotal 56
[0m-rw-------	    1	41425	  950	      5028	     1430503459	hw0.cpp[0m
[0m-rw-------	    1	41425	  950	      7335	     1430503459	cp.cpp[0m
[0m-rw-------	    1	41425	  950	      2698	     1430503459	Timer.h[0m
[0m-rw-------	    1	41425	  950	      7335	     1430503499	ls.cpp[0m
[0m
[0mbin:
[0mtotal 64
[0m-rwx------	    1	41425	  950	     31420	     1430503499	[32mls[0m
[0m
~
imend009@hammer $ ./bin/ls -a-l Downloads src bin
[0mDownloads:
[0mtotal 216
[0mdrwx------	    3	41425	  950	      4096	     1430475362	[34m.[0m
[0mdrwx------	   33	41425	  950	      4096	     1430507919	[34m..[0m
[0m-rw-r--r--	    1	41425	  950	     40323	     1418192562	assn6.asm[0m
[0m-rw-r--r--	    1	41425	  950	      1813	     1428471921	assn2.asm[0m
[0m-rw-r--r--	    1	41425	  950	       813	     1428393317	fernando(1)[0m
[0m-rw-r--r--	    1	41425	  950	      1813	     1428471860	assn2.asm~[0m
[0m-rw-r--r--	    1	41425	  950	      1813	     1428473006	assn2(1).asm[0m
[0m-rw-r--r--	    1	41425	  950	      7325	     1430475283	ls.cpp[0m
[0m-rwx------	    1	41425	  950	     31949	     1430475325	[32mls[0m
[0mdrwx------	    6	41425	  950	      4096	     1430475362	[34mrshell[0m
[0m
[0msrc:
[0mtotal 72
[0mdrwx------	    2	41425	  950	      4096	     1430503459	[34m.[0m
[0mdrwx------	   33	41425	  950	      4096	     1430507919	[34m..[0m
[0m-rw-------	    1	41425	  950	      5028	     1430503459	hw0.cpp[0m
[0m-rw-------	    1	41425	  950	      7335	     1430503459	cp.cpp[0m
[0m-rw-------	    1	41425	  950	      2698	     1430503459	Timer.h[0m
[0m-rw-------	    1	41425	  950	      7335	     1430503499	ls.cpp[0m
[0m
[0mbin:
[0mtotal 80
[0mdrwx------	    2	41425	  950	      4096	     1430503499	[34m.[0m
[0mdrwx------	   33	41425	  950	      4096	     1430507919	[34m..[0m
[0m-rwx------	    1	41425	  950	     31420	     1430503499	[32mls[0m
[0m
~
imend009@hammer $ ./bin/ls -al Downloads src bin
[0mDownloads:
[0mtotal 216
[0mdrwx------	    3	41425	  950	      4096	     1430475362	[34m.[0m
[0mdrwx------	   33	41425	  950	      4096	     1430507919	[34m..[0m
[0m-rw-r--r--	    1	41425	  950	     40323	     1418192562	assn6.asm[0m
[0m-rw-r--r--	    1	41425	  950	      1813	     1428471921	assn2.asm[0m
[0m-rw-r--r--	    1	41425	  950	       813	     1428393317	fernando(1)[0m
[0m-rw-r--r--	    1	41425	  950	      1813	     1428471860	assn2.asm~[0m
[0m-rw-r--r--	    1	41425	  950	      1813	     1428473006	assn2(1).asm[0m
[0m-rw-r--r--	    1	41425	  950	      7325	     1430475283	ls.cpp[0m
[0m-rwx------	    1	41425	  950	     31949	     1430475325	[32mls[0m
[0mdrwx------	    6	41425	  950	      4096	     1430475362	[34mrshell[0m
[0m
[0msrc:
[0mtotal 72
[0mdrwx------	    2	41425	  950	      4096	     1430503459	[34m.[0m
[0mdrwx------	   33	41425	  950	      4096	     1430507919	[34m..[0m
[0m-rw-------	    1	41425	  950	      5028	     1430503459	hw0.cpp[0m
[0m-rw-------	    1	41425	  950	      7335	     1430503459	cp.cpp[0m
[0m-rw-------	    1	41425	  950	      2698	     1430503459	Timer.h[0m
[0m-rw-------	    1	41425	  950	      7335	     1430503499	ls.cpp[0m
[0m
[0mbin:
[0mtotal 80
[0mdrwx------	    2	41425	  950	      4096	     1430503499	[34m.[0m
[0mdrwx------	   33	41425	  950	      4096	     1430507919	[34m..[0m
[0m-rwx------	    1	41425	  950	     31420	     1430503499	[32mls[0m
[0m
~
imend009@hammer $ ./bin/ls -la Downloads src bin
[0mDownloads:
[0mtotal 216
[0mdrwx------	    3	41425	  950	      4096	     1430475362	[34m.[0m
[0mdrwx------	   33	41425	  950	      4096	     1430507919	[34m..[0m
[0m-rw-r--r--	    1	41425	  950	     40323	     1418192562	assn6.asm[0m
[0m-rw-r--r--	    1	41425	  950	      1813	     1428471921	assn2.asm[0m
[0m-rw-r--r--	    1	41425	  950	       813	     1428393317	fernando(1)[0m
[0m-rw-r--r--	    1	41425	  950	      1813	     1428471860	assn2.asm~[0m
[0m-rw-r--r--	    1	41425	  950	      1813	     1428473006	assn2(1).asm[0m
[0m-rw-r--r--	    1	41425	  950	      7325	     1430475283	ls.cpp[0m
[0m-rwx------	    1	41425	  950	     31949	     1430475325	[32mls[0m
[0mdrwx------	    6	41425	  950	      4096	     1430475362	[34mrshell[0m
[0m
[0msrc:
[0mtotal 72
[0mdrwx------	    2	41425	  950	      4096	     1430503459	[34m.[0m
[0mdrwx------	   33	41425	  950	      4096	     1430507919	[34m..[0m
[0m-rw-------	    1	41425	  950	      5028	     1430503459	hw0.cpp[0m
[0m-rw-------	    1	41425	  950	      7335	     1430503459	cp.cpp[0m
[0m-rw-------	    1	41425	  950	      2698	     1430503459	Timer.h[0m
[0m-rw-------	    1	41425	  950	      7335	     1430503499	ls.cpp[0m
[0m
[0mbin:
[0mtotal 80
[0mdrwx------	    2	41425	  950	      4096	     1430503499	[34m.[0m
[0mdrwx------	   33	41425	  950	      4096	     1430507919	[34m..[0m
[0m-rwx------	    1	41425	  950	     31420	     1430503499	[32mls[0m
[0m
~
imend009@hammer $ #testing for 3 folders, the 2nd does not exit
~
imend009@hammer $ ./bin/ls -a Downloads inexistent bin
[0mDownloads:
[0m[34m.[0m [34m..[0m assn6.asm[0m assn2.asm[0m fernando(1)[0m assn2.asm~[0m assn2(1).asm[0m ls.cpp[0m [32mls[0m [34mrshell[0m [0m
lstat: No such file or directory

[0mbin:
[0m[34m.[0m [34m..[0m [32mls[0m [0m
~
imend009@hammer $ ./bin/ls -l Downloads inexistent bin
[0mDownloads:
[0mtotal 200
[0m-rw-r--r--	    1	41425	  950	     40323	     1418192562	assn6.asm[0m
[0m-rw-r--r--	    1	41425	  950	      1813	     1428471921	assn2.asm[0m
[0m-rw-r--r--	    1	41425	  950	       813	     1428393317	fernando(1)[0m
[0m-rw-r--r--	    1	41425	  950	      1813	     1428471860	assn2.asm~[0m
[0m-rw-r--r--	    1	41425	  950	      1813	     1428473006	assn2(1).asm[0m
[0m-rw-r--r--	    1	41425	  950	      7325	     1430475283	ls.cpp[0m
[0m-rwx------	    1	41425	  950	     31949	     1430475325	[32mls[0m
[0mdrwx------	    6	41425	  950	      4096	     1430475362	[34mrshell[0m
[0m
lstat: No such file or directory

[0mbin:
[0mtotal 64
[0m-rwx------	    1	41425	  950	     31420	     1430503499	[32mls[0m
[0m
~
imend009@hammer $ ./bin/ls -l Downloads inexistent bin
[0mDownloads:
[0mtotal 200
[0m-rw-r--r--	    1	41425	  950	     40323	     1418192562	assn6.asm[0m
[0m-rw-r--r--	    1	41425	  950	      1813	     1428471921	assn2.asm[0m
[0m-rw-r--r--	    1	41425	  950	       813	     1428393317	fernando(1)[0m
[0m-rw-r--r--	    1	41425	  950	      1813	     1428471860	assn2.asm~[0m
[0m-rw-r--r--	    1	41425	  950	      1813	     1428473006	assn2(1).asm[0m
[0m-rw-r--r--	    1	41425	  950	      7325	     1430475283	ls.cpp[0m
[0m-rwx------	    1	41425	  950	     31949	     1430475325	[32mls[0m
[0mdrwx------	    6	41425	  950	      4096	     1430475362	[34mrshell[0m
[0m
lstat: No such file or directory

[0mbin:
[0mtotal 64
[0m-rwx------	    1	41425	  950	     31420	     1430503499	[32mls[0m
[0m
~
imend009@hammer $ ./bin/ls -a-l Downloads inexistent bin
[0mDownloads:
[0mtotal 216
[0mdrwx------	    3	41425	  950	      4096	     1430475362	[34m.[0m
[0mdrwx------	   33	41425	  950	      4096	     1430507919	[34m..[0m
[0m-rw-r--r--	    1	41425	  950	     40323	     1418192562	assn6.asm[0m
[0m-rw-r--r--	    1	41425	  950	      1813	     1428471921	assn2.asm[0m
[0m-rw-r--r--	    1	41425	  950	       813	     1428393317	fernando(1)[0m
[0m-rw-r--r--	    1	41425	  950	      1813	     1428471860	assn2.asm~[0m
[0m-rw-r--r--	    1	41425	  950	      1813	     1428473006	assn2(1).asm[0m
[0m-rw-r--r--	    1	41425	  950	      7325	     1430475283	ls.cpp[0m
[0m-rwx------	    1	41425	  950	     31949	     1430475325	[32mls[0m
[0mdrwx------	    6	41425	  950	      4096	     1430475362	[34mrshell[0m
[0m
lstat: No such file or directory

[0mbin:
[0mtotal 80
[0mdrwx------	    2	41425	  950	      4096	     1430503499	[34m.[0m
[0mdrwx------	   33	41425	  950	      4096	     1430507919	[34m..[0m
[0m-rwx------	    1	41425	  950	     31420	     1430503499	[32mls[0m
[0m
~
imend009@hammer $ ./bin/ls -al Downloads inexistent bin
[0mDownloads:
[0mtotal 216
[0mdrwx------	    3	41425	  950	      4096	     1430475362	[34m.[0m
[0mdrwx------	   33	41425	  950	      4096	     1430507919	[34m..[0m
[0m-rw-r--r--	    1	41425	  950	     40323	     1418192562	assn6.asm[0m
[0m-rw-r--r--	    1	41425	  950	      1813	     1428471921	assn2.asm[0m
[0m-rw-r--r--	    1	41425	  950	       813	     1428393317	fernando(1)[0m
[0m-rw-r--r--	    1	41425	  950	      1813	     1428471860	assn2.asm~[0m
[0m-rw-r--r--	    1	41425	  950	      1813	     1428473006	assn2(1).asm[0m
[0m-rw-r--r--	    1	41425	  950	      7325	     1430475283	ls.cpp[0m
[0m-rwx------	    1	41425	  950	     31949	     1430475325	[32mls[0m
[0mdrwx------	    6	41425	  950	      4096	     1430475362	[34mrshell[0m
[0m
lstat: No such file or directory

[0mbin:
[0mtotal 80
[0mdrwx------	    2	41425	  950	      4096	     1430503499	[34m.[0m
[0mdrwx------	   33	41425	  950	      4096	     1430507919	[34m..[0m
[0m-rwx------	    1	41425	  950	     31420	     1430503499	[32mls[0m
[0m
~
imend009@hammer $ ./bin/ls -la Downloads inexistent bin
[0mDownloads:
[0mtotal 216
[0mdrwx------	    3	41425	  950	      4096	     1430475362	[34m.[0m
[0mdrwx------	   33	41425	  950	      4096	     1430507919	[34m..[0m
[0m-rw-r--r--	    1	41425	  950	     40323	     1418192562	assn6.asm[0m
[0m-rw-r--r--	    1	41425	  950	      1813	     1428471921	assn2.asm[0m
[0m-rw-r--r--	    1	41425	  950	       813	     1428393317	fernando(1)[0m
[0m-rw-r--r--	    1	41425	  950	      1813	     1428471860	assn2.asm~[0m
[0m-rw-r--r--	    1	41425	  950	      1813	     1428473006	assn2(1).asm[0m
[0m-rw-r--r--	    1	41425	  950	      7325	     1430475283	ls.cpp[0m
[0m-rwx------	    1	41425	  950	     31949	     1430475325	[32mls[0m
[0mdrwx------	    6	41425	  950	      4096	     1430475362	[34mrshell[0m
[0m
lstat: No such file or directory

[0mbin:
[0mtotal 80
[0mdrwx------	    2	41425	  950	      4096	     1430503499	[34m.[0m
[0mdrwx------	   33	41425	  950	      4096	     1430507919	[34m..[0m
[0m-rwx------	    1	41425	  950	     31420	     1430503499	[32mls[0m
[0m
~
imend009@hammer $ #testing for 12 folders 
~
imend009@hammer $ ^?[K./bin/ls -a Downloads src bin Downloads src bin Downloads src bin Downloads src bin 
[0mDownloads:
[0m[34m.[0m [34m..[0m assn6.asm[0m assn2.asm[0m fernando(1)[0m assn2.asm~[0m assn2(1).asm[0m ls.cpp[0m [32mls[0m [34mrshell[0m [0m
[0msrc:
[0m[34m.[0m [34m..[0m hw0.cpp[0m cp.cpp[0m Timer.h[0m ls.cpp[0m [0m
[0mbin:
[0m[34m.[0m [34m..[0m [32mls[0m [0m
[0mDownloads:
[0m[34m.[0m [34m..[0m assn6.asm[0m assn2.asm[0m fernando(1)[0m assn2.asm~[0m assn2(1).asm[0m ls.cpp[0m [32mls[0m [34mrshell[0m [0m
[0msrc:
[0m[34m.[0m [34m..[0m hw0.cpp[0m cp.cpp[0m Timer.h[0m ls.cpp[0m [0m
[0mbin:
[0m[34m.[0m [34m..[0m [32mls[0m [0m
[0mDownloads:
[0m[34m.[0m [34m..[0m assn6.asm[0m assn2.asm[0m fernando(1)[0m assn2.asm~[0m assn2(1).asm[0m ls.cpp[0m [32mls[0m [34mrshell[0m [0m
[0msrc:
[0m[34m.[0m [34m..[0m hw0.cpp[0m cp.cpp[0m Timer.h[0m ls.cpp[0m [0m
[0mbin:
[0m[34m.[0m [34m..[0m [32mls[0m [0m
[0mDownloads:
[0m[34m.[0m [34m..[0m assn6.asm[0m assn2.asm[0m fernando(1)[0m assn2.asm~[0m assn2(1).asm[0m ls.cpp[0m [32mls[0m [34mrshell[0m [0m
[0msrc:
[0m[34m.[0m [34m..[0m hw0.cpp[0m cp.cpp[0m Timer.h[0m ls.cpp[0m [0m
[0mbin:
[0m[34m.[0m [34m..[0m [32mls[0m [0m
~
imend009@hammer $ ./bin/ls -l Downloads src bin  Downloads src bin Downloads src bin Downloads src bin 
[0mDownloads:
[0mtotal 200
[0m-rw-r--r--	    1	41425	  950	     40323	     1418192562	assn6.asm[0m
[0m-rw-r--r--	    1	41425	  950	      1813	     1428471921	assn2.asm[0m
[0m-rw-r--r--	    1	41425	  950	       813	     1428393317	fernando(1)[0m
[0m-rw-r--r--	    1	41425	  950	      1813	     1428471860	assn2.asm~[0m
[0m-rw-r--r--	    1	41425	  950	      1813	     1428473006	assn2(1).asm[0m
[0m-rw-r--r--	    1	41425	  950	      7325	     1430475283	ls.cpp[0m
[0m-rwx------	    1	41425	  950	     31949	     1430475325	[32mls[0m
[0mdrwx------	    6	41425	  950	      4096	     1430475362	[34mrshell[0m
[0m
[0msrc:
[0mtotal 56
[0m-rw-------	    1	41425	  950	      5028	     1430503459	hw0.cpp[0m
[0m-rw-------	    1	41425	  950	      7335	     1430503459	cp.cpp[0m
[0m-rw-------	    1	41425	  950	      2698	     1430503459	Timer.h[0m
[0m-rw-------	    1	41425	  950	      7335	     1430503499	ls.cpp[0m
[0m
[0mbin:
[0mtotal 64
[0m-rwx------	    1	41425	  950	     31420	     1430503499	[32mls[0m
[0m
[0mDownloads:
[0mtotal 200
[0m-rw-r--r--	    1	41425	  950	     40323	     1418192562	assn6.asm[0m
[0m-rw-r--r--	    1	41425	  950	      1813	     1428471921	assn2.asm[0m
[0m-rw-r--r--	    1	41425	  950	       813	     1428393317	fernando(1)[0m
[0m-rw-r--r--	    1	41425	  950	      1813	     1428471860	assn2.asm~[0m
[0m-rw-r--r--	    1	41425	  950	      1813	     1428473006	assn2(1).asm[0m
[0m-rw-r--r--	    1	41425	  950	      7325	     1430475283	ls.cpp[0m
[0m-rwx------	    1	41425	  950	     31949	     1430475325	[32mls[0m
[0mdrwx------	    6	41425	  950	      4096	     1430475362	[34mrshell[0m
[0m
[0msrc:
[0mtotal 56
[0m-rw-------	    1	41425	  950	      5028	     1430503459	hw0.cpp[0m
[0m-rw-------	    1	41425	  950	      7335	     1430503459	cp.cpp[0m
[0m-rw-------	    1	41425	  950	      2698	     1430503459	Timer.h[0m
[0m-rw-------	    1	41425	  950	      7335	     1430503499	ls.cpp[0m
[0m
[0mbin:
[0mtotal 64
[0m-rwx------	    1	41425	  950	     31420	     1430503499	[32mls[0m
[0m
[0mDownloads:
[0mtotal 200
[0m-rw-r--r--	    1	41425	  950	     40323	     1418192562	assn6.asm[0m
[0m-rw-r--r--	    1	41425	  950	      1813	     1428471921	assn2.asm[0m
[0m-rw-r--r--	    1	41425	  950	       813	     1428393317	fernando(1)[0m
[0m-rw-r--r--	    1	41425	  950	      1813	     1428471860	assn2.asm~[0m
[0m-rw-r--r--	    1	41425	  950	      1813	     1428473006	assn2(1).asm[0m
[0m-rw-r--r--	    1	41425	  950	      7325	     1430475283	ls.cpp[0m
[0m-rwx------	    1	41425	  950	     31949	     1430475325	[32mls[0m
[0mdrwx------	    6	41425	  950	      4096	     1430475362	[34mrshell[0m
[0m
[0msrc:
[0mtotal 56
[0m-rw-------	    1	41425	  950	      5028	     1430503459	hw0.cpp[0m
[0m-rw-------	    1	41425	  950	      7335	     1430503459	cp.cpp[0m
[0m-rw-------	    1	41425	  950	      2698	     1430503459	Timer.h[0m
[0m-rw-------	    1	41425	  950	      7335	     1430503499	ls.cpp[0m
[0m
[0mbin:
[0mtotal 64
[0m-rwx------	    1	41425	  950	     31420	     1430503499	[32mls[0m
[0m
[0mDownloads:
[0mtotal 200
[0m-rw-r--r--	    1	41425	  950	     40323	     1418192562	assn6.asm[0m
[0m-rw-r--r--	    1	41425	  950	      1813	     1428471921	assn2.asm[0m
[0m-rw-r--r--	    1	41425	  950	       813	     1428393317	fernando(1)[0m
[0m-rw-r--r--	    1	41425	  950	      1813	     1428471860	assn2.asm~[0m
[0m-rw-r--r--	    1	41425	  950	      1813	     1428473006	assn2(1).asm[0m
[0m-rw-r--r--	    1	41425	  950	      7325	     1430475283	ls.cpp[0m
[0m-rwx------	    1	41425	  950	     31949	     1430475325	[32mls[0m
[0mdrwx------	    6	41425	  950	      4096	     1430475362	[34mrshell[0m
[0m
[0msrc:
[0mtotal 56
[0m-rw-------	    1	41425	  950	      5028	     1430503459	hw0.cpp[0m
[0m-rw-------	    1	41425	  950	      7335	     1430503459	cp.cpp[0m
[0m-rw-------	    1	41425	  950	      2698	     1430503459	Timer.h[0m
[0m-rw-------	    1	41425	  950	      7335	     1430503499	ls.cpp[0m
[0m
[0mbin:
[0mtotal 64
[0m-rwx------	    1	41425	  950	     31420	     1430503499	[32mls[0m
[0m
~
imend009@hammer $ ./bin/ls -a-l Downloads src bin Downloads src bin Downloads src bin Downloads src bin 
[0mDownloads:
[0mtotal 216
[0mdrwx------	    3	41425	  950	      4096	     1430475362	[34m.[0m
[0mdrwx------	   33	41425	  950	      4096	     1430507919	[34m..[0m
[0m-rw-r--r--	    1	41425	  950	     40323	     1418192562	assn6.asm[0m
[0m-rw-r--r--	    1	41425	  950	      1813	     1428471921	assn2.asm[0m
[0m-rw-r--r--	    1	41425	  950	       813	     1428393317	fernando(1)[0m
[0m-rw-r--r--	    1	41425	  950	      1813	     1428471860	assn2.asm~[0m
[0m-rw-r--r--	    1	41425	  950	      1813	     1428473006	assn2(1).asm[0m
[0m-rw-r--r--	    1	41425	  950	      7325	     1430475283	ls.cpp[0m
[0m-rwx------	    1	41425	  950	     31949	     1430475325	[32mls[0m
[0mdrwx------	    6	41425	  950	      4096	     1430475362	[34mrshell[0m
[0m
[0msrc:
[0mtotal 72
[0mdrwx------	    2	41425	  950	      4096	     1430503459	[34m.[0m
[0mdrwx------	   33	41425	  950	      4096	     1430507919	[34m..[0m
[0m-rw-------	    1	41425	  950	      5028	     1430503459	hw0.cpp[0m
[0m-rw-------	    1	41425	  950	      7335	     1430503459	cp.cpp[0m
[0m-rw-------	    1	41425	  950	      2698	     1430503459	Timer.h[0m
[0m-rw-------	    1	41425	  950	      7335	     1430503499	ls.cpp[0m
[0m
[0mbin:
[0mtotal 80
[0mdrwx------	    2	41425	  950	      4096	     1430503499	[34m.[0m
[0mdrwx------	   33	41425	  950	      4096	     1430507919	[34m..[0m
[0m-rwx------	    1	41425	  950	     31420	     1430503499	[32mls[0m
[0m
[0mDownloads:
[0mtotal 216
[0mdrwx------	    3	41425	  950	      4096	     1430475362	[34m.[0m
[0mdrwx------	   33	41425	  950	      4096	     1430507919	[34m..[0m
[0m-rw-r--r--	    1	41425	  950	     40323	     1418192562	assn6.asm[0m
[0m-rw-r--r--	    1	41425	  950	      1813	     1428471921	assn2.asm[0m
[0m-rw-r--r--	    1	41425	  950	       813	     1428393317	fernando(1)[0m
[0m-rw-r--r--	    1	41425	  950	      1813	     1428471860	assn2.asm~[0m
[0m-rw-r--r--	    1	41425	  950	      1813	     1428473006	assn2(1).asm[0m
[0m-rw-r--r--	    1	41425	  950	      7325	     1430475283	ls.cpp[0m
[0m-rwx------	    1	41425	  950	     31949	     1430475325	[32mls[0m
[0mdrwx------	    6	41425	  950	      4096	     1430475362	[34mrshell[0m
[0m
[0msrc:
[0mtotal 72
[0mdrwx------	    2	41425	  950	      4096	     1430503459	[34m.[0m
[0mdrwx------	   33	41425	  950	      4096	     1430507919	[34m..[0m
[0m-rw-------	    1	41425	  950	      5028	     1430503459	hw0.cpp[0m
[0m-rw-------	    1	41425	  950	      7335	     1430503459	cp.cpp[0m
[0m-rw-------	    1	41425	  950	      2698	     1430503459	Timer.h[0m
[0m-rw-------	    1	41425	  950	      7335	     1430503499	ls.cpp[0m
[0m
[0mbin:
[0mtotal 80
[0mdrwx------	    2	41425	  950	      4096	     1430503499	[34m.[0m
[0mdrwx------	   33	41425	  950	      4096	     1430507919	[34m..[0m
[0m-rwx------	    1	41425	  950	     31420	     1430503499	[32mls[0m
[0m
[0mDownloads:
[0mtotal 216
[0mdrwx------	    3	41425	  950	      4096	     1430475362	[34m.[0m
[0mdrwx------	   33	41425	  950	      4096	     1430507919	[34m..[0m
[0m-rw-r--r--	    1	41425	  950	     40323	     1418192562	assn6.asm[0m
[0m-rw-r--r--	    1	41425	  950	      1813	     1428471921	assn2.asm[0m
[0m-rw-r--r--	    1	41425	  950	       813	     1428393317	fernando(1)[0m
[0m-rw-r--r--	    1	41425	  950	      1813	     1428471860	assn2.asm~[0m
[0m-rw-r--r--	    1	41425	  950	      1813	     1428473006	assn2(1).asm[0m
[0m-rw-r--r--	    1	41425	  950	      7325	     1430475283	ls.cpp[0m
[0m-rwx------	    1	41425	  950	     31949	     1430475325	[32mls[0m
[0mdrwx------	    6	41425	  950	      4096	     1430475362	[34mrshell[0m
[0m
[0msrc:
[0mtotal 72
[0mdrwx------	    2	41425	  950	      4096	     1430503459	[34m.[0m
[0mdrwx------	   33	41425	  950	      4096	     1430507919	[34m..[0m
[0m-rw-------	    1	41425	  950	      5028	     1430503459	hw0.cpp[0m
[0m-rw-------	    1	41425	  950	      7335	     1430503459	cp.cpp[0m
[0m-rw-------	    1	41425	  950	      2698	     1430503459	Timer.h[0m
[0m-rw-------	    1	41425	  950	      7335	     1430503499	ls.cpp[0m
[0m
[0mbin:
[0mtotal 80
[0mdrwx------	    2	41425	  950	      4096	     1430503499	[34m.[0m
[0mdrwx------	   33	41425	  950	      4096	     1430507919	[34m..[0m
[0m-rwx------	    1	41425	  950	     31420	     1430503499	[32mls[0m
[0m
[0mDownloads:
[0mtotal 216
[0mdrwx------	    3	41425	  950	      4096	     1430475362	[34m.[0m
[0mdrwx------	   33	41425	  950	      4096	     1430507919	[34m..[0m
[0m-rw-r--r--	    1	41425	  950	     40323	     1418192562	assn6.asm[0m
[0m-rw-r--r--	    1	41425	  950	      1813	     1428471921	assn2.asm[0m
[0m-rw-r--r--	    1	41425	  950	       813	     1428393317	fernando(1)[0m
[0m-rw-r--r--	    1	41425	  950	      1813	     1428471860	assn2.asm~[0m
[0m-rw-r--r--	    1	41425	  950	      1813	     1428473006	assn2(1).asm[0m
[0m-rw-r--r--	    1	41425	  950	      7325	     1430475283	ls.cpp[0m
[0m-rwx------	    1	41425	  950	     31949	     1430475325	[32mls[0m
[0mdrwx------	    6	41425	  950	      4096	     1430475362	[34mrshell[0m
[0m
[0msrc:
[0mtotal 72
[0mdrwx------	    2	41425	  950	      4096	     1430503459	[34m.[0m
[0mdrwx------	   33	41425	  950	      4096	     1430507919	[34m..[0m
[0m-rw-------	    1	41425	  950	      5028	     1430503459	hw0.cpp[0m
[0m-rw-------	    1	41425	  950	      7335	     1430503459	cp.cpp[0m
[0m-rw-------	    1	41425	  950	      2698	     1430503459	Timer.h[0m
[0m-rw-------	    1	41425	  950	      7335	     1430503499	ls.cpp[0m
[0m
[0mbin:
[0mtotal 80
[0mdrwx------	    2	41425	  950	      4096	     1430503499	[34m.[0m
[0mdrwx------	   33	41425	  950	      4096	     1430507919	[34m..[0m
[0m-rwx------	    1	41425	  950	     31420	     1430503499	[32mls[0m
[0m
~
imend009@hammer $ ./bin/ls -al Downloads src bin Downloads src bin Downloads src bin Downloads src bin 
[0mDownloads:
[0mtotal 216
[0mdrwx------	    3	41425	  950	      4096	     1430475362	[34m.[0m
[0mdrwx------	   33	41425	  950	      4096	     1430507919	[34m..[0m
[0m-rw-r--r--	    1	41425	  950	     40323	     1418192562	assn6.asm[0m
[0m-rw-r--r--	    1	41425	  950	      1813	     1428471921	assn2.asm[0m
[0m-rw-r--r--	    1	41425	  950	       813	     1428393317	fernando(1)[0m
[0m-rw-r--r--	    1	41425	  950	      1813	     1428471860	assn2.asm~[0m
[0m-rw-r--r--	    1	41425	  950	      1813	     1428473006	assn2(1).asm[0m
[0m-rw-r--r--	    1	41425	  950	      7325	     1430475283	ls.cpp[0m
[0m-rwx------	    1	41425	  950	     31949	     1430475325	[32mls[0m
[0mdrwx------	    6	41425	  950	      4096	     1430475362	[34mrshell[0m
[0m
[0msrc:
[0mtotal 72
[0mdrwx------	    2	41425	  950	      4096	     1430503459	[34m.[0m
[0mdrwx------	   33	41425	  950	      4096	     1430507919	[34m..[0m
[0m-rw-------	    1	41425	  950	      5028	     1430503459	hw0.cpp[0m
[0m-rw-------	    1	41425	  950	      7335	     1430503459	cp.cpp[0m
[0m-rw-------	    1	41425	  950	      2698	     1430503459	Timer.h[0m
[0m-rw-------	    1	41425	  950	      7335	     1430503499	ls.cpp[0m
[0m
[0mbin:
[0mtotal 80
[0mdrwx------	    2	41425	  950	      4096	     1430503499	[34m.[0m
[0mdrwx------	   33	41425	  950	      4096	     1430507919	[34m..[0m
[0m-rwx------	    1	41425	  950	     31420	     1430503499	[32mls[0m
[0m
[0mDownloads:
[0mtotal 216
[0mdrwx------	    3	41425	  950	      4096	     1430475362	[34m.[0m
[0mdrwx------	   33	41425	  950	      4096	     1430507919	[34m..[0m
[0m-rw-r--r--	    1	41425	  950	     40323	     1418192562	assn6.asm[0m
[0m-rw-r--r--	    1	41425	  950	      1813	     1428471921	assn2.asm[0m
[0m-rw-r--r--	    1	41425	  950	       813	     1428393317	fernando(1)[0m
[0m-rw-r--r--	    1	41425	  950	      1813	     1428471860	assn2.asm~[0m
[0m-rw-r--r--	    1	41425	  950	      1813	     1428473006	assn2(1).asm[0m
[0m-rw-r--r--	    1	41425	  950	      7325	     1430475283	ls.cpp[0m
[0m-rwx------	    1	41425	  950	     31949	     1430475325	[32mls[0m
[0mdrwx------	    6	41425	  950	      4096	     1430475362	[34mrshell[0m
[0m
[0msrc:
[0mtotal 72
[0mdrwx------	    2	41425	  950	      4096	     1430503459	[34m.[0m
[0mdrwx------	   33	41425	  950	      4096	     1430507919	[34m..[0m
[0m-rw-------	    1	41425	  950	      5028	     1430503459	hw0.cpp[0m
[0m-rw-------	    1	41425	  950	      7335	     1430503459	cp.cpp[0m
[0m-rw-------	    1	41425	  950	      2698	     1430503459	Timer.h[0m
[0m-rw-------	    1	41425	  950	      7335	     1430503499	ls.cpp[0m
[0m
[0mbin:
[0mtotal 80
[0mdrwx------	    2	41425	  950	      4096	     1430503499	[34m.[0m
[0mdrwx------	   33	41425	  950	      4096	     1430507919	[34m..[0m
[0m-rwx------	    1	41425	  950	     31420	     1430503499	[32mls[0m
[0m
[0mDownloads:
[0mtotal 216
[0mdrwx------	    3	41425	  950	      4096	     1430475362	[34m.[0m
[0mdrwx------	   33	41425	  950	      4096	     1430507919	[34m..[0m
[0m-rw-r--r--	    1	41425	  950	     40323	     1418192562	assn6.asm[0m
[0m-rw-r--r--	    1	41425	  950	      1813	     1428471921	assn2.asm[0m
[0m-rw-r--r--	    1	41425	  950	       813	     1428393317	fernando(1)[0m
[0m-rw-r--r--	    1	41425	  950	      1813	     1428471860	assn2.asm~[0m
[0m-rw-r--r--	    1	41425	  950	      1813	     1428473006	assn2(1).asm[0m
[0m-rw-r--r--	    1	41425	  950	      7325	     1430475283	ls.cpp[0m
[0m-rwx------	    1	41425	  950	     31949	     1430475325	[32mls[0m
[0mdrwx------	    6	41425	  950	      4096	     1430475362	[34mrshell[0m
[0m
[0msrc:
[0mtotal 72
[0mdrwx------	    2	41425	  950	      4096	     1430503459	[34m.[0m
[0mdrwx------	   33	41425	  950	      4096	     1430507919	[34m..[0m
[0m-rw-------	    1	41425	  950	      5028	     1430503459	hw0.cpp[0m
[0m-rw-------	    1	41425	  950	      7335	     1430503459	cp.cpp[0m
[0m-rw-------	    1	41425	  950	      2698	     1430503459	Timer.h[0m
[0m-rw-------	    1	41425	  950	      7335	     1430503499	ls.cpp[0m
[0m
[0mbin:
[0mtotal 80
[0mdrwx------	    2	41425	  950	      4096	     1430503499	[34m.[0m
[0mdrwx------	   33	41425	  950	      4096	     1430507919	[34m..[0m
[0m-rwx------	    1	41425	  950	     31420	     1430503499	[32mls[0m
[0m
[0mDownloads:
[0mtotal 216
[0mdrwx------	    3	41425	  950	      4096	     1430475362	[34m.[0m
[0mdrwx------	   33	41425	  950	      4096	     1430507919	[34m..[0m
[0m-rw-r--r--	    1	41425	  950	     40323	     1418192562	assn6.asm[0m
[0m-rw-r--r--	    1	41425	  950	      1813	     1428471921	assn2.asm[0m
[0m-rw-r--r--	    1	41425	  950	       813	     1428393317	fernando(1)[0m
[0m-rw-r--r--	    1	41425	  950	      1813	     1428471860	assn2.asm~[0m
[0m-rw-r--r--	    1	41425	  950	      1813	     1428473006	assn2(1).asm[0m
[0m-rw-r--r--	    1	41425	  950	      7325	     1430475283	ls.cpp[0m
[0m-rwx------	    1	41425	  950	     31949	     1430475325	[32mls[0m
[0mdrwx------	    6	41425	  950	      4096	     1430475362	[34mrshell[0m
[0m
[0msrc:
[0mtotal 72
[0mdrwx------	    2	41425	  950	      4096	     1430503459	[34m.[0m
[0mdrwx------	   33	41425	  950	      4096	     1430507919	[34m..[0m
[0m-rw-------	    1	41425	  950	      5028	     1430503459	hw0.cpp[0m
[0m-rw-------	    1	41425	  950	      7335	     1430503459	cp.cpp[0m
[0m-rw-------	    1	41425	  950	      2698	     1430503459	Timer.h[0m
[0m-rw-------	    1	41425	  950	      7335	     1430503499	ls.cpp[0m
[0m
[0mbin:
[0mtotal 80
[0mdrwx------	    2	41425	  950	      4096	     1430503499	[34m.[0m
[0mdrwx------	   33	41425	  950	      4096	     1430507919	[34m..[0m
[0m-rwx------	    1	41425	  950	     31420	     1430503499	[32mls[0m
[0m
~
imend009@hammer $ ./bin/ls -la Downloads src bin Downloads src bin Downloads src bin Downloads src bin 
[0mDownloads:
[0mtotal 216
[0mdrwx------	    3	41425	  950	      4096	     1430475362	[34m.[0m
[0mdrwx------	   33	41425	  950	      4096	     1430507919	[34m..[0m
[0m-rw-r--r--	    1	41425	  950	     40323	     1418192562	assn6.asm[0m
[0m-rw-r--r--	    1	41425	  950	      1813	     1428471921	assn2.asm[0m
[0m-rw-r--r--	    1	41425	  950	       813	     1428393317	fernando(1)[0m
[0m-rw-r--r--	    1	41425	  950	      1813	     1428471860	assn2.asm~[0m
[0m-rw-r--r--	    1	41425	  950	      1813	     1428473006	assn2(1).asm[0m
[0m-rw-r--r--	    1	41425	  950	      7325	     1430475283	ls.cpp[0m
[0m-rwx------	    1	41425	  950	     31949	     1430475325	[32mls[0m
[0mdrwx------	    6	41425	  950	      4096	     1430475362	[34mrshell[0m
[0m
[0msrc:
[0mtotal 72
[0mdrwx------	    2	41425	  950	      4096	     1430503459	[34m.[0m
[0mdrwx------	   33	41425	  950	      4096	     1430507919	[34m..[0m
[0m-rw-------	    1	41425	  950	      5028	     1430503459	hw0.cpp[0m
[0m-rw-------	    1	41425	  950	      7335	     1430503459	cp.cpp[0m
[0m-rw-------	    1	41425	  950	      2698	     1430503459	Timer.h[0m
[0m-rw-------	    1	41425	  950	      7335	     1430503499	ls.cpp[0m
[0m
[0mbin:
[0mtotal 80
[0mdrwx------	    2	41425	  950	      4096	     1430503499	[34m.[0m
[0mdrwx------	   33	41425	  950	      4096	     1430507919	[34m..[0m
[0m-rwx------	    1	41425	  950	     31420	     1430503499	[32mls[0m
[0m
[0mDownloads:
[0mtotal 216
[0mdrwx------	    3	41425	  950	      4096	     1430475362	[34m.[0m
[0mdrwx------	   33	41425	  950	      4096	     1430507919	[34m..[0m
[0m-rw-r--r--	    1	41425	  950	     40323	     1418192562	assn6.asm[0m
[0m-rw-r--r--	    1	41425	  950	      1813	     1428471921	assn2.asm[0m
[0m-rw-r--r--	    1	41425	  950	       813	     1428393317	fernando(1)[0m
[0m-rw-r--r--	    1	41425	  950	      1813	     1428471860	assn2.asm~[0m
[0m-rw-r--r--	    1	41425	  950	      1813	     1428473006	assn2(1).asm[0m
[0m-rw-r--r--	    1	41425	  950	      7325	     1430475283	ls.cpp[0m
[0m-rwx------	    1	41425	  950	     31949	     1430475325	[32mls[0m
[0mdrwx------	    6	41425	  950	      4096	     1430475362	[34mrshell[0m
[0m
[0msrc:
[0mtotal 72
[0mdrwx------	    2	41425	  950	      4096	     1430503459	[34m.[0m
[0mdrwx------	   33	41425	  950	      4096	     1430507919	[34m..[0m
[0m-rw-------	    1	41425	  950	      5028	     1430503459	hw0.cpp[0m
[0m-rw-------	    1	41425	  950	      7335	     1430503459	cp.cpp[0m
[0m-rw-------	    1	41425	  950	      2698	     1430503459	Timer.h[0m
[0m-rw-------	    1	41425	  950	      7335	     1430503499	ls.cpp[0m
[0m
[0mbin:
[0mtotal 80
[0mdrwx------	    2	41425	  950	      4096	     1430503499	[34m.[0m
[0mdrwx------	   33	41425	  950	      4096	     1430507919	[34m..[0m
[0m-rwx------	    1	41425	  950	     31420	     1430503499	[32mls[0m
[0m
[0mDownloads:
[0mtotal 216
[0mdrwx------	    3	41425	  950	      4096	     1430475362	[34m.[0m
[0mdrwx------	   33	41425	  950	      4096	     1430507919	[34m..[0m
[0m-rw-r--r--	    1	41425	  950	     40323	     1418192562	assn6.asm[0m
[0m-rw-r--r--	    1	41425	  950	      1813	     1428471921	assn2.asm[0m
[0m-rw-r--r--	    1	41425	  950	       813	     1428393317	fernando(1)[0m
[0m-rw-r--r--	    1	41425	  950	      1813	     1428471860	assn2.asm~[0m
[0m-rw-r--r--	    1	41425	  950	      1813	     1428473006	assn2(1).asm[0m
[0m-rw-r--r--	    1	41425	  950	      7325	     1430475283	ls.cpp[0m
[0m-rwx------	    1	41425	  950	     31949	     1430475325	[32mls[0m
[0mdrwx------	    6	41425	  950	      4096	     1430475362	[34mrshell[0m
[0m
[0msrc:
[0mtotal 72
[0mdrwx------	    2	41425	  950	      4096	     1430503459	[34m.[0m
[0mdrwx------	   33	41425	  950	      4096	     1430507919	[34m..[0m
[0m-rw-------	    1	41425	  950	      5028	     1430503459	hw0.cpp[0m
[0m-rw-------	    1	41425	  950	      7335	     1430503459	cp.cpp[0m
[0m-rw-------	    1	41425	  950	      2698	     1430503459	Timer.h[0m
[0m-rw-------	    1	41425	  950	      7335	     1430503499	ls.cpp[0m
[0m
[0mbin:
[0mtotal 80
[0mdrwx------	    2	41425	  950	      4096	     1430503499	[34m.[0m
[0mdrwx------	   33	41425	  950	      4096	     1430507919	[34m..[0m
[0m-rwx------	    1	41425	  950	     31420	     1430503499	[32mls[0m
[0m
[0mDownloads:
[0mtotal 216
[0mdrwx------	    3	41425	  950	      4096	     1430475362	[34m.[0m
[0mdrwx------	   33	41425	  950	      4096	     1430507919	[34m..[0m
[0m-rw-r--r--	    1	41425	  950	     40323	     1418192562	assn6.asm[0m
[0m-rw-r--r--	    1	41425	  950	      1813	     1428471921	assn2.asm[0m
[0m-rw-r--r--	    1	41425	  950	       813	     1428393317	fernando(1)[0m
[0m-rw-r--r--	    1	41425	  950	      1813	     1428471860	assn2.asm~[0m
[0m-rw-r--r--	    1	41425	  950	      1813	     1428473006	assn2(1).asm[0m
[0m-rw-r--r--	    1	41425	  950	      7325	     1430475283	ls.cpp[0m
[0m-rwx------	    1	41425	  950	     31949	     1430475325	[32mls[0m
[0mdrwx------	    6	41425	  950	      4096	     1430475362	[34mrshell[0m
[0m
[0msrc:
[0mtotal 72
[0mdrwx------	    2	41425	  950	      4096	     1430503459	[34m.[0m
[0mdrwx------	   33	41425	  950	      4096	     1430507919	[34m..[0m
[0m-rw-------	    1	41425	  950	      5028	     1430503459	hw0.cpp[0m
[0m-rw-------	    1	41425	  950	      7335	     1430503459	cp.cpp[0m
[0m-rw-------	    1	41425	  950	      2698	     1430503459	Timer.h[0m
[0m-rw-------	    1	41425	  950	      7335	     1430503499	ls.cpp[0m
[0m
[0mbin:
[0mtotal 80
[0mdrwx------	    2	41425	  950	      4096	     1430503499	[34m.[0m
[0mdrwx------	   33	41425	  950	      4096	     1430507919	[34m..[0m
[0m-rwx------	    1	41425	  950	     31420	     1430503499	[32mls[0m
[0m
~
imend009@hammer $ 
~
imend009@hammer $ #testing for 12 folders, one does not exist 
~
imend009@hammer $ ./bin/ls -a Downloads src bin Downloads src bin inexistent src bin Downloads src bin 
[0mDownloads:
[0m[34m.[0m [34m..[0m assn6.asm[0m assn2.asm[0m fernando(1)[0m assn2.asm~[0m assn2(1).asm[0m ls.cpp[0m [32mls[0m [34mrshell[0m [0m
[0msrc:
[0m[34m.[0m [34m..[0m hw0.cpp[0m cp.cpp[0m Timer.h[0m ls.cpp[0m [0m
[0mbin:
[0m[34m.[0m [34m..[0m [32mls[0m [0m
[0mDownloads:
[0m[34m.[0m [34m..[0m assn6.asm[0m assn2.asm[0m fernando(1)[0m assn2.asm~[0m assn2(1).asm[0m ls.cpp[0m [32mls[0m [34mrshell[0m [0m
[0msrc:
[0m[34m.[0m [34m..[0m hw0.cpp[0m cp.cpp[0m Timer.h[0m ls.cpp[0m [0m
[0mbin:
[0m[34m.[0m [34m..[0m [32mls[0m [0m
lstat: No such file or directory

[0msrc:
[0m[34m.[0m [34m..[0m hw0.cpp[0m cp.cpp[0m Timer.h[0m ls.cpp[0m [0m
[0mbin:
[0m[34m.[0m [34m..[0m [32mls[0m [0m
[0mDownloads:
[0m[34m.[0m [34m..[0m assn6.asm[0m assn2.asm[0m fernando(1)[0m assn2.asm~[0m assn2(1).asm[0m ls.cpp[0m [32mls[0m [34mrshell[0m [0m
[0msrc:
[0m[34m.[0m [34m..[0m hw0.cpp[0m cp.cpp[0m Timer.h[0m ls.cpp[0m [0m
[0mbin:
[0m[34m.[0m [34m..[0m [32mls[0m [0m
~
imend009@hammer $ ./bin/ls -l Downloads src bin  Downloads src bin inexistent src bin Downloads src bin 
[0mDownloads:
[0mtotal 200
[0m-rw-r--r--	    1	41425	  950	     40323	     1418192562	assn6.asm[0m
[0m-rw-r--r--	    1	41425	  950	      1813	     1428471921	assn2.asm[0m
[0m-rw-r--r--	    1	41425	  950	       813	     1428393317	fernando(1)[0m
[0m-rw-r--r--	    1	41425	  950	      1813	     1428471860	assn2.asm~[0m
[0m-rw-r--r--	    1	41425	  950	      1813	     1428473006	assn2(1).asm[0m
[0m-rw-r--r--	    1	41425	  950	      7325	     1430475283	ls.cpp[0m
[0m-rwx------	    1	41425	  950	     31949	     1430475325	[32mls[0m
[0mdrwx------	    6	41425	  950	      4096	     1430475362	[34mrshell[0m
[0m
[0msrc:
[0mtotal 56
[0m-rw-------	    1	41425	  950	      5028	     1430503459	hw0.cpp[0m
[0m-rw-------	    1	41425	  950	      7335	     1430503459	cp.cpp[0m
[0m-rw-------	    1	41425	  950	      2698	     1430503459	Timer.h[0m
[0m-rw-------	    1	41425	  950	      7335	     1430503499	ls.cpp[0m
[0m
[0mbin:
[0mtotal 64
[0m-rwx------	    1	41425	  950	     31420	     1430503499	[32mls[0m
[0m
[0mDownloads:
[0mtotal 200
[0m-rw-r--r--	    1	41425	  950	     40323	     1418192562	assn6.asm[0m
[0m-rw-r--r--	    1	41425	  950	      1813	     1428471921	assn2.asm[0m
[0m-rw-r--r--	    1	41425	  950	       813	     1428393317	fernando(1)[0m
[0m-rw-r--r--	    1	41425	  950	      1813	     1428471860	assn2.asm~[0m
[0m-rw-r--r--	    1	41425	  950	      1813	     1428473006	assn2(1).asm[0m
[0m-rw-r--r--	    1	41425	  950	      7325	     1430475283	ls.cpp[0m
[0m-rwx------	    1	41425	  950	     31949	     1430475325	[32mls[0m
[0mdrwx------	    6	41425	  950	      4096	     1430475362	[34mrshell[0m
[0m
[0msrc:
[0mtotal 56
[0m-rw-------	    1	41425	  950	      5028	     1430503459	hw0.cpp[0m
[0m-rw-------	    1	41425	  950	      7335	     1430503459	cp.cpp[0m
[0m-rw-------	    1	41425	  950	      2698	     1430503459	Timer.h[0m
[0m-rw-------	    1	41425	  950	      7335	     1430503499	ls.cpp[0m
[0m
[0mbin:
[0mtotal 64
[0m-rwx------	    1	41425	  950	     31420	     1430503499	[32mls[0m
[0m
lstat: No such file or directory

[0msrc:
[0mtotal 56
[0m-rw-------	    1	41425	  950	      5028	     1430503459	hw0.cpp[0m
[0m-rw-------	    1	41425	  950	      7335	     1430503459	cp.cpp[0m
[0m-rw-------	    1	41425	  950	      2698	     1430503459	Timer.h[0m
[0m-rw-------	    1	41425	  950	      7335	     1430503499	ls.cpp[0m
[0m
[0mbin:
[0mtotal 64
[0m-rwx------	    1	41425	  950	     31420	     1430503499	[32mls[0m
[0m
[0mDownloads:
[0mtotal 200
[0m-rw-r--r--	    1	41425	  950	     40323	     1418192562	assn6.asm[0m
[0m-rw-r--r--	    1	41425	  950	      1813	     1428471921	assn2.asm[0m
[0m-rw-r--r--	    1	41425	  950	       813	     1428393317	fernando(1)[0m
[0m-rw-r--r--	    1	41425	  950	      1813	     1428471860	assn2.asm~[0m
[0m-rw-r--r--	    1	41425	  950	      1813	     1428473006	assn2(1).asm[0m
[0m-rw-r--r--	    1	41425	  950	      7325	     1430475283	ls.cpp[0m
[0m-rwx------	    1	41425	  950	     31949	     1430475325	[32mls[0m
[0mdrwx------	    6	41425	  950	      4096	     1430475362	[34mrshell[0m
[0m
[0msrc:
[0mtotal 56
[0m-rw-------	    1	41425	  950	      5028	     1430503459	hw0.cpp[0m
[0m-rw-------	    1	41425	  950	      7335	     1430503459	cp.cpp[0m
[0m-rw-------	    1	41425	  950	      2698	     1430503459	Timer.h[0m
[0m-rw-------	    1	41425	  950	      7335	     1430503499	ls.cpp[0m
[0m
[0mbin:
[0mtotal 64
[0m-rwx------	    1	41425	  950	     31420	     1430503499	[32mls[0m
[0m
~
imend009@hammer $ ./bin/ls -a-l Downloads src bin Downloads src bin inexistent src bin Downloads src bin 
[0mDownloads:
[0mtotal 216
[0mdrwx------	    3	41425	  950	      4096	     1430475362	[34m.[0m
[0mdrwx------	   33	41425	  950	      4096	     1430507919	[34m..[0m
[0m-rw-r--r--	    1	41425	  950	     40323	     1418192562	assn6.asm[0m
[0m-rw-r--r--	    1	41425	  950	      1813	     1428471921	assn2.asm[0m
[0m-rw-r--r--	    1	41425	  950	       813	     1428393317	fernando(1)[0m
[0m-rw-r--r--	    1	41425	  950	      1813	     1428471860	assn2.asm~[0m
[0m-rw-r--r--	    1	41425	  950	      1813	     1428473006	assn2(1).asm[0m
[0m-rw-r--r--	    1	41425	  950	      7325	     1430475283	ls.cpp[0m
[0m-rwx------	    1	41425	  950	     31949	     1430475325	[32mls[0m
[0mdrwx------	    6	41425	  950	      4096	     1430475362	[34mrshell[0m
[0m
[0msrc:
[0mtotal 72
[0mdrwx------	    2	41425	  950	      4096	     1430503459	[34m.[0m
[0mdrwx------	   33	41425	  950	      4096	     1430507919	[34m..[0m
[0m-rw-------	    1	41425	  950	      5028	     1430503459	hw0.cpp[0m
[0m-rw-------	    1	41425	  950	      7335	     1430503459	cp.cpp[0m
[0m-rw-------	    1	41425	  950	      2698	     1430503459	Timer.h[0m
[0m-rw-------	    1	41425	  950	      7335	     1430503499	ls.cpp[0m
[0m
[0mbin:
[0mtotal 80
[0mdrwx------	    2	41425	  950	      4096	     1430503499	[34m.[0m
[0mdrwx------	   33	41425	  950	      4096	     1430507919	[34m..[0m
[0m-rwx------	    1	41425	  950	     31420	     1430503499	[32mls[0m
[0m
[0mDownloads:
[0mtotal 216
[0mdrwx------	    3	41425	  950	      4096	     1430475362	[34m.[0m
[0mdrwx------	   33	41425	  950	      4096	     1430507919	[34m..[0m
[0m-rw-r--r--	    1	41425	  950	     40323	     1418192562	assn6.asm[0m
[0m-rw-r--r--	    1	41425	  950	      1813	     1428471921	assn2.asm[0m
[0m-rw-r--r--	    1	41425	  950	       813	     1428393317	fernando(1)[0m
[0m-rw-r--r--	    1	41425	  950	      1813	     1428471860	assn2.asm~[0m
[0m-rw-r--r--	    1	41425	  950	      1813	     1428473006	assn2(1).asm[0m
[0m-rw-r--r--	    1	41425	  950	      7325	     1430475283	ls.cpp[0m
[0m-rwx------	    1	41425	  950	     31949	     1430475325	[32mls[0m
[0mdrwx------	    6	41425	  950	      4096	     1430475362	[34mrshell[0m
[0m
[0msrc:
[0mtotal 72
[0mdrwx------	    2	41425	  950	      4096	     1430503459	[34m.[0m
[0mdrwx------	   33	41425	  950	      4096	     1430507919	[34m..[0m
[0m-rw-------	    1	41425	  950	      5028	     1430503459	hw0.cpp[0m
[0m-rw-------	    1	41425	  950	      7335	     1430503459	cp.cpp[0m
[0m-rw-------	    1	41425	  950	      2698	     1430503459	Timer.h[0m
[0m-rw-------	    1	41425	  950	      7335	     1430503499	ls.cpp[0m
[0m
[0mbin:
[0mtotal 80
[0mdrwx------	    2	41425	  950	      4096	     1430503499	[34m.[0m
[0mdrwx------	   33	41425	  950	      4096	     1430507919	[34m..[0m
[0m-rwx------	    1	41425	  950	     31420	     1430503499	[32mls[0m
[0m
lstat: No such file or directory

[0msrc:
[0mtotal 72
[0mdrwx------	    2	41425	  950	      4096	     1430503459	[34m.[0m
[0mdrwx------	   33	41425	  950	      4096	     1430507919	[34m..[0m
[0m-rw-------	    1	41425	  950	      5028	     1430503459	hw0.cpp[0m
[0m-rw-------	    1	41425	  950	      7335	     1430503459	cp.cpp[0m
[0m-rw-------	    1	41425	  950	      2698	     1430503459	Timer.h[0m
[0m-rw-------	    1	41425	  950	      7335	     1430503499	ls.cpp[0m
[0m
[0mbin:
[0mtotal 80
[0mdrwx------	    2	41425	  950	      4096	     1430503499	[34m.[0m
[0mdrwx------	   33	41425	  950	      4096	     1430507919	[34m..[0m
[0m-rwx------	    1	41425	  950	     31420	     1430503499	[32mls[0m
[0m
[0mDownloads:
[0mtotal 216
[0mdrwx------	    3	41425	  950	      4096	     1430475362	[34m.[0m
[0mdrwx------	   33	41425	  950	      4096	     1430507919	[34m..[0m
[0m-rw-r--r--	    1	41425	  950	     40323	     1418192562	assn6.asm[0m
[0m-rw-r--r--	    1	41425	  950	      1813	     1428471921	assn2.asm[0m
[0m-rw-r--r--	    1	41425	  950	       813	     1428393317	fernando(1)[0m
[0m-rw-r--r--	    1	41425	  950	      1813	     1428471860	assn2.asm~[0m
[0m-rw-r--r--	    1	41425	  950	      1813	     1428473006	assn2(1).asm[0m
[0m-rw-r--r--	    1	41425	  950	      7325	     1430475283	ls.cpp[0m
[0m-rwx------	    1	41425	  950	     31949	     1430475325	[32mls[0m
[0mdrwx------	    6	41425	  950	      4096	     1430475362	[34mrshell[0m
[0m
[0msrc:
[0mtotal 72
[0mdrwx------	    2	41425	  950	      4096	     1430503459	[34m.[0m
[0mdrwx------	   33	41425	  950	      4096	     1430507919	[34m..[0m
[0m-rw-------	    1	41425	  950	      5028	     1430503459	hw0.cpp[0m
[0m-rw-------	    1	41425	  950	      7335	     1430503459	cp.cpp[0m
[0m-rw-------	    1	41425	  950	      2698	     1430503459	Timer.h[0m
[0m-rw-------	    1	41425	  950	      7335	     1430503499	ls.cpp[0m
[0m
[0mbin:
[0mtotal 80
[0mdrwx------	    2	41425	  950	      4096	     1430503499	[34m.[0m
[0mdrwx------	   33	41425	  950	      4096	     1430507919	[34m..[0m
[0m-rwx------	    1	41425	  950	     31420	     1430503499	[32mls[0m
[0m
~
imend009@hammer $ ./bin/ls -al Downloads src bin Downloads src bin inexistent src bin Downloads src bin 
[0mDownloads:
[0mtotal 216
[0mdrwx------	    3	41425	  950	      4096	     1430475362	[34m.[0m
[0mdrwx------	   33	41425	  950	      4096	     1430507919	[34m..[0m
[0m-rw-r--r--	    1	41425	  950	     40323	     1418192562	assn6.asm[0m
[0m-rw-r--r--	    1	41425	  950	      1813	     1428471921	assn2.asm[0m
[0m-rw-r--r--	    1	41425	  950	       813	     1428393317	fernando(1)[0m
[0m-rw-r--r--	    1	41425	  950	      1813	     1428471860	assn2.asm~[0m
[0m-rw-r--r--	    1	41425	  950	      1813	     1428473006	assn2(1).asm[0m
[0m-rw-r--r--	    1	41425	  950	      7325	     1430475283	ls.cpp[0m
[0m-rwx------	    1	41425	  950	     31949	     1430475325	[32mls[0m
[0mdrwx------	    6	41425	  950	      4096	     1430475362	[34mrshell[0m
[0m
[0msrc:
[0mtotal 72
[0mdrwx------	    2	41425	  950	      4096	     1430503459	[34m.[0m
[0mdrwx------	   33	41425	  950	      4096	     1430507919	[34m..[0m
[0m-rw-------	    1	41425	  950	      5028	     1430503459	hw0.cpp[0m
[0m-rw-------	    1	41425	  950	      7335	     1430503459	cp.cpp[0m
[0m-rw-------	    1	41425	  950	      2698	     1430503459	Timer.h[0m
[0m-rw-------	    1	41425	  950	      7335	     1430503499	ls.cpp[0m
[0m
[0mbin:
[0mtotal 80
[0mdrwx------	    2	41425	  950	      4096	     1430503499	[34m.[0m
[0mdrwx------	   33	41425	  950	      4096	     1430507919	[34m..[0m
[0m-rwx------	    1	41425	  950	     31420	     1430503499	[32mls[0m
[0m
[0mDownloads:
[0mtotal 216
[0mdrwx------	    3	41425	  950	      4096	     1430475362	[34m.[0m
[0mdrwx------	   33	41425	  950	      4096	     1430507919	[34m..[0m
[0m-rw-r--r--	    1	41425	  950	     40323	     1418192562	assn6.asm[0m
[0m-rw-r--r--	    1	41425	  950	      1813	     1428471921	assn2.asm[0m
[0m-rw-r--r--	    1	41425	  950	       813	     1428393317	fernando(1)[0m
[0m-rw-r--r--	    1	41425	  950	      1813	     1428471860	assn2.asm~[0m
[0m-rw-r--r--	    1	41425	  950	      1813	     1428473006	assn2(1).asm[0m
[0m-rw-r--r--	    1	41425	  950	      7325	     1430475283	ls.cpp[0m
[0m-rwx------	    1	41425	  950	     31949	     1430475325	[32mls[0m
[0mdrwx------	    6	41425	  950	      4096	     1430475362	[34mrshell[0m
[0m
[0msrc:
[0mtotal 72
[0mdrwx------	    2	41425	  950	      4096	     1430503459	[34m.[0m
[0mdrwx------	   33	41425	  950	      4096	     1430507919	[34m..[0m
[0m-rw-------	    1	41425	  950	      5028	     1430503459	hw0.cpp[0m
[0m-rw-------	    1	41425	  950	      7335	     1430503459	cp.cpp[0m
[0m-rw-------	    1	41425	  950	      2698	     1430503459	Timer.h[0m
[0m-rw-------	    1	41425	  950	      7335	     1430503499	ls.cpp[0m
[0m
[0mbin:
[0mtotal 80
[0mdrwx------	    2	41425	  950	      4096	     1430503499	[34m.[0m
[0mdrwx------	   33	41425	  950	      4096	     1430507919	[34m..[0m
[0m-rwx------	    1	41425	  950	     31420	     1430503499	[32mls[0m
[0m
lstat: No such file or directory

[0msrc:
[0mtotal 72
[0mdrwx------	    2	41425	  950	      4096	     1430503459	[34m.[0m
[0mdrwx------	   33	41425	  950	      4096	     1430507919	[34m..[0m
[0m-rw-------	    1	41425	  950	      5028	     1430503459	hw0.cpp[0m
[0m-rw-------	    1	41425	  950	      7335	     1430503459	cp.cpp[0m
[0m-rw-------	    1	41425	  950	      2698	     1430503459	Timer.h[0m
[0m-rw-------	    1	41425	  950	      7335	     1430503499	ls.cpp[0m
[0m
[0mbin:
[0mtotal 80
[0mdrwx------	    2	41425	  950	      4096	     1430503499	[34m.[0m
[0mdrwx------	   33	41425	  950	      4096	     1430507919	[34m..[0m
[0m-rwx------	    1	41425	  950	     31420	     1430503499	[32mls[0m
[0m
[0mDownloads:
[0mtotal 216
[0mdrwx------	    3	41425	  950	      4096	     1430475362	[34m.[0m
[0mdrwx------	   33	41425	  950	      4096	     1430507919	[34m..[0m
[0m-rw-r--r--	    1	41425	  950	     40323	     1418192562	assn6.asm[0m
[0m-rw-r--r--	    1	41425	  950	      1813	     1428471921	assn2.asm[0m
[0m-rw-r--r--	    1	41425	  950	       813	     1428393317	fernando(1)[0m
[0m-rw-r--r--	    1	41425	  950	      1813	     1428471860	assn2.asm~[0m
[0m-rw-r--r--	    1	41425	  950	      1813	     1428473006	assn2(1).asm[0m
[0m-rw-r--r--	    1	41425	  950	      7325	     1430475283	ls.cpp[0m
[0m-rwx------	    1	41425	  950	     31949	     1430475325	[32mls[0m
[0mdrwx------	    6	41425	  950	      4096	     1430475362	[34mrshell[0m
[0m
[0msrc:
[0mtotal 72
[0mdrwx------	    2	41425	  950	      4096	     1430503459	[34m.[0m
[0mdrwx------	   33	41425	  950	      4096	     1430507919	[34m..[0m
[0m-rw-------	    1	41425	  950	      5028	     1430503459	hw0.cpp[0m
[0m-rw-------	    1	41425	  950	      7335	     1430503459	cp.cpp[0m
[0m-rw-------	    1	41425	  950	      2698	     1430503459	Timer.h[0m
[0m-rw-------	    1	41425	  950	      7335	     1430503499	ls.cpp[0m
[0m
[0mbin:
[0mtotal 80
[0mdrwx------	    2	41425	  950	      4096	     1430503499	[34m.[0m
[0mdrwx------	   33	41425	  950	      4096	     1430507919	[34m..[0m
[0m-rwx------	    1	41425	  950	     31420	     1430503499	[32mls[0m
[0m
~
imend009@hammer $ ./bin/ls -la Downloads src bin Downloads src bin inexistent src bin Downloads src bin 
[0mDownloads:
[0mtotal 216
[0mdrwx------	    3	41425	  950	      4096	     1430475362	[34m.[0m
[0mdrwx------	   33	41425	  950	      4096	     1430507919	[34m..[0m
[0m-rw-r--r--	    1	41425	  950	     40323	     1418192562	assn6.asm[0m
[0m-rw-r--r--	    1	41425	  950	      1813	     1428471921	assn2.asm[0m
[0m-rw-r--r--	    1	41425	  950	       813	     1428393317	fernando(1)[0m
[0m-rw-r--r--	    1	41425	  950	      1813	     1428471860	assn2.asm~[0m
[0m-rw-r--r--	    1	41425	  950	      1813	     1428473006	assn2(1).asm[0m
[0m-rw-r--r--	    1	41425	  950	      7325	     1430475283	ls.cpp[0m
[0m-rwx------	    1	41425	  950	     31949	     1430475325	[32mls[0m
[0mdrwx------	    6	41425	  950	      4096	     1430475362	[34mrshell[0m
[0m
[0msrc:
[0mtotal 72
[0mdrwx------	    2	41425	  950	      4096	     1430503459	[34m.[0m
[0mdrwx------	   33	41425	  950	      4096	     1430507919	[34m..[0m
[0m-rw-------	    1	41425	  950	      5028	     1430503459	hw0.cpp[0m
[0m-rw-------	    1	41425	  950	      7335	     1430503459	cp.cpp[0m
[0m-rw-------	    1	41425	  950	      2698	     1430503459	Timer.h[0m
[0m-rw-------	    1	41425	  950	      7335	     1430503499	ls.cpp[0m
[0m
[0mbin:
[0mtotal 80
[0mdrwx------	    2	41425	  950	      4096	     1430503499	[34m.[0m
[0mdrwx------	   33	41425	  950	      4096	     1430507919	[34m..[0m
[0m-rwx------	    1	41425	  950	     31420	     1430503499	[32mls[0m
[0m
[0mDownloads:
[0mtotal 216
[0mdrwx------	    3	41425	  950	      4096	     1430475362	[34m.[0m
[0mdrwx------	   33	41425	  950	      4096	     1430507919	[34m..[0m
[0m-rw-r--r--	    1	41425	  950	     40323	     1418192562	assn6.asm[0m
[0m-rw-r--r--	    1	41425	  950	      1813	     1428471921	assn2.asm[0m
[0m-rw-r--r--	    1	41425	  950	       813	     1428393317	fernando(1)[0m
[0m-rw-r--r--	    1	41425	  950	      1813	     1428471860	assn2.asm~[0m
[0m-rw-r--r--	    1	41425	  950	      1813	     1428473006	assn2(1).asm[0m
[0m-rw-r--r--	    1	41425	  950	      7325	     1430475283	ls.cpp[0m
[0m-rwx------	    1	41425	  950	     31949	     1430475325	[32mls[0m
[0mdrwx------	    6	41425	  950	      4096	     1430475362	[34mrshell[0m
[0m
[0msrc:
[0mtotal 72
[0mdrwx------	    2	41425	  950	      4096	     1430503459	[34m.[0m
[0mdrwx------	   33	41425	  950	      4096	     1430507919	[34m..[0m
[0m-rw-------	    1	41425	  950	      5028	     1430503459	hw0.cpp[0m
[0m-rw-------	    1	41425	  950	      7335	     1430503459	cp.cpp[0m
[0m-rw-------	    1	41425	  950	      2698	     1430503459	Timer.h[0m
[0m-rw-------	    1	41425	  950	      7335	     1430503499	ls.cpp[0m
[0m
[0mbin:
[0mtotal 80
[0mdrwx------	    2	41425	  950	      4096	     1430503499	[34m.[0m
[0mdrwx------	   33	41425	  950	      4096	     1430507919	[34m..[0m
[0m-rwx------	    1	41425	  950	     31420	     1430503499	[32mls[0m
[0m
lstat: No such file or directory

[0msrc:
[0mtotal 72
[0mdrwx------	    2	41425	  950	      4096	     1430503459	[34m.[0m
[0mdrwx------	   33	41425	  950	      4096	     1430507919	[34m..[0m
[0m-rw-------	    1	41425	  950	      5028	     1430503459	hw0.cpp[0m
[0m-rw-------	    1	41425	  950	      7335	     1430503459	cp.cpp[0m
[0m-rw-------	    1	41425	  950	      2698	     1430503459	Timer.h[0m
[0m-rw-------	    1	41425	  950	      7335	     1430503499	ls.cpp[0m
[0m
[0mbin:
[0mtotal 80
[0mdrwx------	    2	41425	  950	      4096	     1430503499	[34m.[0m
[0mdrwx------	   33	41425	  950	      4096	     1430507919	[34m..[0m
[0m-rwx------	    1	41425	  950	     31420	     1430503499	[32mls[0m
[0m
[0mDownloads:
[0mtotal 216
[0mdrwx------	    3	41425	  950	      4096	     1430475362	[34m.[0m
[0mdrwx------	   33	41425	  950	      4096	     1430507919	[34m..[0m
[0m-rw-r--r--	    1	41425	  950	     40323	     1418192562	assn6.asm[0m
[0m-rw-r--r--	    1	41425	  950	      1813	     1428471921	assn2.asm[0m
[0m-rw-r--r--	    1	41425	  950	       813	     1428393317	fernando(1)[0m
[0m-rw-r--r--	    1	41425	  950	      1813	     1428471860	assn2.asm~[0m
[0m-rw-r--r--	    1	41425	  950	      1813	     1428473006	assn2(1).asm[0m
[0m-rw-r--r--	    1	41425	  950	      7325	     1430475283	ls.cpp[0m
[0m-rwx------	    1	41425	  950	     31949	     1430475325	[32mls[0m
[0mdrwx------	    6	41425	  950	      4096	     1430475362	[34mrshell[0m
[0m
[0msrc:
[0mtotal 72
[0mdrwx------	    2	41425	  950	      4096	     1430503459	[34m.[0m
[0mdrwx------	   33	41425	  950	      4096	     1430507919	[34m..[0m
[0m-rw-------	    1	41425	  950	      5028	     1430503459	hw0.cpp[0m
[0m-rw-------	    1	41425	  950	      7335	     1430503459	cp.cpp[0m
[0m-rw-------	    1	41425	  950	      2698	     1430503459	Timer.h[0m
[0m-rw-------	    1	41425	  950	      7335	     1430503499	ls.cpp[0m
[0m
[0mbin:
[0mtotal 80
[0mdrwx------	    2	41425	  950	      4096	     1430503499	[34m.[0m
[0mdrwx------	   33	41425	  950	      4096	     1430507919	[34m..[0m
[0m-rwx------	    1	41425	  950	     31420	     1430503499	[32mls[0m
[0m
~
imend009@hammer $ #testing with spaces
~
imend009@hammer $ ./bin/ls -a   Downloads
[0mDownloads:
[0m[34m.[0m [34m..[0m assn6.asm[0m assn2.asm[0m fernando(1)[0m assn2.asm~[0m assn2(1).asm[0m ls.cpp[0m [32mls[0m [34mrshell[0m [0m
~
imend009@hammer $ ./bin/ls -l   Downloads
[0mDownloads:
[0mtotal 200
[0m-rw-r--r--	    1	41425	  950	     40323	     1418192562	assn6.asm[0m
[0m-rw-r--r--	    1	41425	  950	      1813	     1428471921	assn2.asm[0m
[0m-rw-r--r--	    1	41425	  950	       813	     1428393317	fernando(1)[0m
[0m-rw-r--r--	    1	41425	  950	      1813	     1428471860	assn2.asm~[0m
[0m-rw-r--r--	    1	41425	  950	      1813	     1428473006	assn2(1).asm[0m
[0m-rw-r--r--	    1	41425	  950	      7325	     1430475283	ls.cpp[0m
[0m-rwx------	    1	41425	  950	     31949	     1430475325	[32mls[0m
[0mdrwx------	    6	41425	  950	      4096	     1430475362	[34mrshell[0m
[0m
~
imend009@hammer $ ./bin/ls -a-l   Downloads
[0mDownloads:
[0mtotal 216
[0mdrwx------	    3	41425	  950	      4096	     1430475362	[34m.[0m
[0mdrwx------	   33	41425	  950	      4096	     1430507919	[34m..[0m
[0m-rw-r--r--	    1	41425	  950	     40323	     1418192562	assn6.asm[0m
[0m-rw-r--r--	    1	41425	  950	      1813	     1428471921	assn2.asm[0m
[0m-rw-r--r--	    1	41425	  950	       813	     1428393317	fernando(1)[0m
[0m-rw-r--r--	    1	41425	  950	      1813	     1428471860	assn2.asm~[0m
[0m-rw-r--r--	    1	41425	  950	      1813	     1428473006	assn2(1).asm[0m
[0m-rw-r--r--	    1	41425	  950	      7325	     1430475283	ls.cpp[0m
[0m-rwx------	    1	41425	  950	     31949	     1430475325	[32mls[0m
[0mdrwx------	    6	41425	  950	      4096	     1430475362	[34mrshell[0m
[0m
~
imend009@hammer $ ./bin/ls -al    Downloads
[0mDownloads:
[0mtotal 216
[0mdrwx------	    3	41425	  950	      4096	     1430475362	[34m.[0m
[0mdrwx------	   33	41425	  950	      4096	     1430507919	[34m..[0m
[0m-rw-r--r--	    1	41425	  950	     40323	     1418192562	assn6.asm[0m
[0m-rw-r--r--	    1	41425	  950	      1813	     1428471921	assn2.asm[0m
[0m-rw-r--r--	    1	41425	  950	       813	     1428393317	fernando(1)[0m
[0m-rw-r--r--	    1	41425	  950	      1813	     1428471860	assn2.asm~[0m
[0m-rw-r--r--	    1	41425	  950	      1813	     1428473006	assn2(1).asm[0m
[0m-rw-r--r--	    1	41425	  950	      7325	     1430475283	ls.cpp[0m
[0m-rwx------	    1	41425	  950	     31949	     1430475325	[32mls[0m
[0mdrwx------	    6	41425	  950	      4096	     1430475362	[34mrshell[0m
[0m
~
imend009@hammer $ ./bin/ls -la    Downloads
[0mDownloads:
[0mtotal 216
[0mdrwx------	    3	41425	  950	      4096	     1430475362	[34m.[0m
[0mdrwx------	   33	41425	  950	      4096	     1430507919	[34m..[0m
[0m-rw-r--r--	    1	41425	  950	     40323	     1418192562	assn6.asm[0m
[0m-rw-r--r--	    1	41425	  950	      1813	     1428471921	assn2.asm[0m
[0m-rw-r--r--	    1	41425	  950	       813	     1428393317	fernando(1)[0m
[0m-rw-r--r--	    1	41425	  950	      1813	     1428471860	assn2.asm~[0m
[0m-rw-r--r--	    1	41425	  950	      1813	     1428473006	assn2(1).asm[0m
[0m-rw-r--r--	    1	41425	  950	      7325	     1430475283	ls.cpp[0m
[0m-rwx------	    1	41425	  950	     31949	     1430475325	[32mls[0m
[0mdrwx------	    6	41425	  950	      4096	     1430475362	[34mrshell[0m
[0m
~
imend009@hammer $ #testing with inexistent labels
~
imend009@hammer $ ./bin/ls -aMnha   Downloads
[0mDownloads:
[0m[34m.[0m [34m..[0m assn6.asm[0m assn2.asm[0m fernando(1)[0m assn2.asm~[0m assn2(1).asm[0m ls.cpp[0m [32mls[0m [34mrshell[0m [0m
~
imend009@hammer $ ./bin/ls -lMnha   Downloads
[0mDownloads:
[0mtotal 216
[0mdrwx------	    3	41425	  950	      4096	     1430475362	[34m.[0m
[0mdrwx------	   33	41425	  950	      4096	     1430507919	[34m..[0m
[0m-rw-r--r--	    1	41425	  950	     40323	     1418192562	assn6.asm[0m
[0m-rw-r--r--	    1	41425	  950	      1813	     1428471921	assn2.asm[0m
[0m-rw-r--r--	    1	41425	  950	       813	     1428393317	fernando(1)[0m
[0m-rw-r--r--	    1	41425	  950	      1813	     1428471860	assn2.asm~[0m
[0m-rw-r--r--	    1	41425	  950	      1813	     1428473006	assn2(1).asm[0m
[0m-rw-r--r--	    1	41425	  950	      7325	     1430475283	ls.cpp[0m
[0m-rwx------	    1	41425	  950	     31949	     1430475325	[32mls[0m
[0mdrwx------	    6	41425	  950	      4096	     1430475362	[34mrshell[0m
[0m
~
imend009@hammer $ ./bin/ls -a-lMnha   Downloads
[0mDownloads:
[0mtotal 216
[0mdrwx------	    3	41425	  950	      4096	     1430475362	[34m.[0m
[0mdrwx------	   33	41425	  950	      4096	     1430507919	[34m..[0m
[0m-rw-r--r--	    1	41425	  950	     40323	     1418192562	assn6.asm[0m
[0m-rw-r--r--	    1	41425	  950	      1813	     1428471921	assn2.asm[0m
[0m-rw-r--r--	    1	41425	  950	       813	     1428393317	fernando(1)[0m
[0m-rw-r--r--	    1	41425	  950	      1813	     1428471860	assn2.asm~[0m
[0m-rw-r--r--	    1	41425	  950	      1813	     1428473006	assn2(1).asm[0m
[0m-rw-r--r--	    1	41425	  950	      7325	     1430475283	ls.cpp[0m
[0m-rwx------	    1	41425	  950	     31949	     1430475325	[32mls[0m
[0mdrwx------	    6	41425	  950	      4096	     1430475362	[34mrshell[0m
[0m
~
imend009@hammer $ ./bin/ls -a-lMnha   Downloads
[0mDownloads:
[0mtotal 216
[0mdrwx------	    3	41425	  950	      4096	     1430475362	[34m.[0m
[0mdrwx------	   33	41425	  950	      4096	     1430507919	[34m..[0m
[0m-rw-r--r--	    1	41425	  950	     40323	     1418192562	assn6.asm[0m
[0m-rw-r--r--	    1	41425	  950	      1813	     1428471921	assn2.asm[0m
[0m-rw-r--r--	    1	41425	  950	       813	     1428393317	fernando(1)[0m
[0m-rw-r--r--	    1	41425	  950	      1813	     1428471860	assn2.asm~[0m
[0m-rw-r--r--	    1	41425	  950	      1813	     1428473006	assn2(1).asm[0m
[0m-rw-r--r--	    1	41425	  950	      7325	     1430475283	ls.cpp[0m
[0m-rwx------	    1	41425	  950	     31949	     1430475325	[32mls[0m
[0mdrwx------	    6	41425	  950	      4096	     1430475362	[34mrshell[0m
[0m
~
imend009@hammer $ ./bin/ls -laMnha    Downloads
[0mDownloads:
[0mtotal 216
[0mdrwx------	    3	41425	  950	      4096	     1430475362	[34m.[0m
[0mdrwx------	   33	41425	  950	      4096	     1430507919	[34m..[0m
[0m-rw-r--r--	    1	41425	  950	     40323	     1418192562	assn6.asm[0m
[0m-rw-r--r--	    1	41425	  950	      1813	     1428471921	assn2.asm[0m
[0m-rw-r--r--	    1	41425	  950	       813	     1428393317	fernando(1)[0m
[0m-rw-r--r--	    1	41425	  950	      1813	     1428471860	assn2.asm~[0m
[0m-rw-r--r--	    1	41425	  950	      1813	     1428473006	assn2(1).asm[0m
[0m-rw-r--r--	    1	41425	  950	      7325	     1430475283	ls.cpp[0m
[0m-rwx------	    1	41425	  950	     31949	     1430475325	[32mls[0m
[0mdrwx------	    6	41425	  950	      4096	     1430475362	[34mrshell[0m
[0m
~
imend009@hammer $ #It [K[Kt works for all ca[Kases that I cu[K[K[K[K[K[K[K[K[K[K[K[K[K[K[K[K[K[K[K[K[K[K[K[K[K[K[K[K[K[K[K[KIt works [K[K[K[K[K[K[K[K[KAll system calls have a perrror call and he labels[K[K[K[K[K[K[K[K[Kthe labels -l -a works fine. NO segme[K[K[K[K[Kmemory leak. PL[Klase, f[Kgive[K[K[K[K[K[K[K[K[K[K[K[K.. :DDD Bye Bye
~
imend009@hammer $ exit
exit

Script done on Fri 01 May 2015 12:40:01 PM PDT
